Using pre-set license
Built from '6000.0/release' branch; Version is '6000.0.35f1 (9a3bc604008a) revision 10107846'; Using compiler version '193933523'; Build Type 'Release'
OS: 'Windows 11  (10.0.26100) 64bit Education' Language: 'pt' Physical Memory: 16068 MB
BatchMode: 1, IsHumanControllingUs: 0, StartBugReporterOnCrash: 0, Is64bit: 1, IsPro: 1

COMMAND LINE ARGUMENTS:
C:\Program Files\Unity\Hub\Editor\6000.0.35f1\Editor\Unity.exe
-adb2
-batchMode
-noUpm
-name
AssetImportWorker0
-projectPath
C:/Users/Gabriel.dias1/Documents/GitHub/ProjetosPuc/Projetos Tech Art/SunExplosion
-logFile
Logs/AssetImportWorker0.log
-srvPort
54102
-job-worker-count
7
-background-job-worker-count
8
-gc-helper-count
1
Successfully changed project path to: C:/Users/Gabriel.dias1/Documents/GitHub/ProjetosPuc/Projetos Tech Art/SunExplosion
C:/Users/Gabriel.dias1/Documents/GitHub/ProjetosPuc/Projetos Tech Art/SunExplosion
[UnityMemory] Configuration Parameters - Can be set up in boot.config
    "memorysetup-bucket-allocator-granularity=16"
    "memorysetup-bucket-allocator-bucket-count=8"
    "memorysetup-bucket-allocator-block-size=33554432"
    "memorysetup-bucket-allocator-block-count=8"
    "memorysetup-main-allocator-block-size=16777216"
    "memorysetup-thread-allocator-block-size=16777216"
    "memorysetup-gfx-main-allocator-block-size=16777216"
    "memorysetup-gfx-thread-allocator-block-size=16777216"
    "memorysetup-cache-allocator-block-size=4194304"
    "memorysetup-typetree-allocator-block-size=2097152"
    "memorysetup-profiler-bucket-allocator-granularity=16"
    "memorysetup-profiler-bucket-allocator-bucket-count=8"
    "memorysetup-profiler-bucket-allocator-block-size=33554432"
    "memorysetup-profiler-bucket-allocator-block-count=8"
    "memorysetup-profiler-allocator-block-size=16777216"
    "memorysetup-profiler-editor-allocator-block-size=1048576"
    "memorysetup-temp-allocator-size-main=16777216"
    "memorysetup-job-temp-allocator-block-size=2097152"
    "memorysetup-job-temp-allocator-block-size-background=1048576"
    "memorysetup-job-temp-allocator-reduction-small-platforms=262144"
    "memorysetup-allocator-temp-initial-block-size-main=262144"
    "memorysetup-allocator-temp-initial-block-size-worker=262144"
    "memorysetup-temp-allocator-size-background-worker=32768"
    "memorysetup-temp-allocator-size-job-worker=262144"
    "memorysetup-temp-allocator-size-preload-manager=33554432"
    "memorysetup-temp-allocator-size-nav-mesh-worker=65536"
    "memorysetup-temp-allocator-size-audio-worker=65536"
    "memorysetup-temp-allocator-size-cloud-worker=32768"
    "memorysetup-temp-allocator-size-gi-baking-worker=262144"
    "memorysetup-temp-allocator-size-gi-baking-worker=262144"
    "memorysetup-temp-allocator-size-gi-baking-worker=262144"
    "memorysetup-temp-allocator-size-gi-baking-worker=262144"
    "memorysetup-temp-allocator-size-gi-baking-worker=262144"
    "memorysetup-temp-allocator-size-gfx=262144"
Player connection [17556]  Target information:

Player connection [17556]  * "[IP] 192.168.168.1 [Port] 0 [Flags] 2 [Guid] 919950366 [EditorId] 919950366 [Version] 1048832 [Id] WindowsEditor(7,JOG001085715) [Debug] 1 [PackageName] WindowsEditor [ProjectName] Editor" 

Player connection [17556]  * "[IP] 192.168.157.1 [Port] 0 [Flags] 2 [Guid] 919950366 [EditorId] 919950366 [Version] 1048832 [Id] WindowsEditor(7,JOG001085715) [Debug] 1 [PackageName] WindowsEditor [ProjectName] Editor" 

Player connection [17556]  * "[IP] 10.151.60.128 [Port] 0 [Flags] 2 [Guid] 919950366 [EditorId] 919950366 [Version] 1048832 [Id] WindowsEditor(7,JOG001085715) [Debug] 1 [PackageName] WindowsEditor [ProjectName] Editor" 

Player connection [17556] Host joined multi-casting on [225.0.0.222:54997]...
Player connection [17556] Host joined alternative multi-casting on [225.0.0.222:34997]...
JobSystem: Creating JobQueue using job-worker-count value 7
Input System module state changed to: Initialized.
[Physics::Module] Initialized fallback backend.
[Physics::Module] Id: 0xdecafbad
Library Redirect Path: Library/
[Physics::Module] Selected backend.
[Physics::Module] Name: PhysX
[Physics::Module] Id: 0xf2b8ea05
[Physics::Module] SDK Version: 4.1.2
[Physics::Module] Integration Version: 1.0.0
[Physics::Module] Threading Mode: Multi-Threaded
Refreshing native plugins compatible for Editor in 72.86 ms, found 3 plugins.
Preloading 0 native plugins for Editor in 0.00 ms.
Initialize engine version: 6000.0.35f1 (9a3bc604008a)
[Subsystems] Discovering subsystems at path C:/Program Files/Unity/Hub/Editor/6000.0.35f1/Editor/Data/Resources/UnitySubsystems
[Subsystems] Discovering subsystems at path C:/Users/Gabriel.dias1/Documents/GitHub/ProjetosPuc/Projetos Tech Art/SunExplosion/Assets
GfxDevice: creating device client; kGfxThreadingModeNonThreaded
Direct3D:
    Version:  Direct3D 11.0 [level 11.1]
    Renderer: NVIDIA GeForce RTX 3050 6GB Laptop GPU (ID=0x25ec)
    Vendor:   NVIDIA
    VRAM:     6002 MB
    Driver:   32.0.15.7628
Initialize mono
Mono path[0] = 'C:/Program Files/Unity/Hub/Editor/6000.0.35f1/Editor/Data/Managed'
Mono path[1] = 'C:/Program Files/Unity/Hub/Editor/6000.0.35f1/Editor/Data/MonoBleedingEdge/lib/mono/unityjit-win32'
Mono config path = 'C:/Program Files/Unity/Hub/Editor/6000.0.35f1/Editor/Data/MonoBleedingEdge/etc'
Using monoOptions --debugger-agent=transport=dt_socket,embedding=1,server=y,suspend=n,address=127.0.0.1:56532
Begin MonoManager ReloadAssembly
Registering precompiled unity dll's ...
Register platform support module: C:/Program Files/Unity/Hub/Editor/6000.0.35f1/Editor/Data/PlaybackEngines/WebGLSupport/UnityEditor.WebGL.Extensions.dll
Register platform support module: C:/Program Files/Unity/Hub/Editor/6000.0.35f1/Editor/Data/PlaybackEngines/WindowsStandaloneSupport/UnityEditor.WindowsStandalone.Extensions.dll
Register platform support module: C:/Program Files/Unity/Hub/Editor/6000.0.35f1/Editor/Data/PlaybackEngines/MetroSupport/UnityEditor.UWP.Extensions.dll
Register platform support module: C:/Program Files/Unity/Hub/Editor/6000.0.35f1/Editor/Data/PlaybackEngines/AndroidPlayer/UnityEditor.Android.Extensions.dll
Registered in 0.024626 seconds.
- Loaded All Assemblies, in  2.069 seconds
Native extension for Android target not found
Android Extension - Scanning For ADB Devices 4289 ms
Native extension for UWP target not found
Native extension for WindowsStandalone target not found
Native extension for WebGL target not found
Mono: successfully reloaded assembly
- Finished resetting the current domain, in  4.657 seconds
Domain Reload Profiling: 6723ms
	BeginReloadAssembly (1221ms)
		ExecutionOrderSort (0ms)
		DisableScriptedObjects (0ms)
		BackupInstance (0ms)
		ReleaseScriptingObjects (0ms)
		CreateAndSetChildDomain (1ms)
	RebuildCommonClasses (74ms)
	RebuildNativeTypeToScriptingClass (9ms)
	initialDomainReloadingComplete (71ms)
	LoadAllAssembliesAndSetupDomain (690ms)
		LoadAssemblies (1252ms)
		RebuildTransferFunctionScriptingTraits (0ms)
		AnalyzeDomain (653ms)
			TypeCache.Refresh (652ms)
				TypeCache.ScanAssembly (604ms)
			BuildScriptInfoCaches (0ms)
			ResolveRequiredComponents (0ms)
	FinalizeReload (4657ms)
		ReleaseScriptCaches (0ms)
		RebuildScriptCaches (0ms)
		SetupLoadedEditorAssemblies (4620ms)
			LogAssemblyErrors (0ms)
			InitializePlatformSupportModulesInManaged (4377ms)
			SetLoadedEditorAssemblies (4ms)
			BeforeProcessingInitializeOnLoad (51ms)
			ProcessInitializeOnLoadAttributes (123ms)
			ProcessInitializeOnLoadMethodAttributes (64ms)
			AfterProcessingInitializeOnLoad (0ms)
			EditorAssembliesLoaded (0ms)
		ExecutionOrderSort2 (0ms)
		AwakeInstancesAfterBackupRestoration (0ms)
========================================================================
Worker process is ready to serve import requests
Import Worker Mode flag is 0x00
Begin MonoManager ReloadAssembly
- Loaded All Assemblies, in  3.591 seconds
Refreshing native plugins compatible for Editor in 9.77 ms, found 3 plugins.
Native extension for Android target not found
Native extension for UWP target not found
Native extension for WindowsStandalone target not found
Native extension for WebGL target not found
Mono: successfully reloaded assembly
- Finished resetting the current domain, in  1.080 seconds
Domain Reload Profiling: 4667ms
	BeginReloadAssembly (1859ms)
		ExecutionOrderSort (0ms)
		DisableScriptedObjects (6ms)
		BackupInstance (0ms)
		ReleaseScriptingObjects (0ms)
		CreateAndSetChildDomain (24ms)
	RebuildCommonClasses (124ms)
	RebuildNativeTypeToScriptingClass (10ms)
	initialDomainReloadingComplete (86ms)
	LoadAllAssembliesAndSetupDomain (1507ms)
		LoadAssemblies (2871ms)
		RebuildTransferFunctionScriptingTraits (0ms)
		AnalyzeDomain (435ms)
			TypeCache.Refresh (359ms)
				TypeCache.ScanAssembly (309ms)
			BuildScriptInfoCaches (61ms)
			ResolveRequiredComponents (12ms)
	FinalizeReload (1081ms)
		ReleaseScriptCaches (0ms)
		RebuildScriptCaches (0ms)
		SetupLoadedEditorAssemblies (769ms)
			LogAssemblyErrors (0ms)
			InitializePlatformSupportModulesInManaged (24ms)
			SetLoadedEditorAssemblies (3ms)
			BeforeProcessingInitializeOnLoad (104ms)
			ProcessInitializeOnLoadAttributes (447ms)
			ProcessInitializeOnLoadMethodAttributes (185ms)
			AfterProcessingInitializeOnLoad (6ms)
			EditorAssembliesLoaded (0ms)
		ExecutionOrderSort2 (0ms)
		AwakeInstancesAfterBackupRestoration (8ms)
Launched and connected shader compiler UnityShaderCompiler.exe after 0.04 seconds
Refreshing native plugins compatible for Editor in 14.13 ms, found 3 plugins.
Preloading 0 native plugins for Editor in 0.00 ms.
Unloading 198 Unused Serialized files (Serialized files now loaded: 0)
Unloading 5936 unused Assets / (6.2 MB). Loaded Objects now: 6574.
Memory consumption went from 157.5 MB to 151.3 MB.
Total: 7.472700 ms (FindLiveObjects: 0.378700 ms CreateObjectMapping: 0.278000 ms MarkObjects: 3.830200 ms  DeleteObjects: 2.984800 ms)

========================================================================
Received Import Request.
  Time since last request: 1539.469931 seconds.
  path: Assets/InputSystem_Actions.inputactions
  artifactKey: Guid(052faaac586de48259a63d0c4782560b) Importer(815301076,1909f56bfc062723c751e8b465ee728b)
Start importing Assets/InputSystem_Actions.inputactions using Guid(052faaac586de48259a63d0c4782560b) Importer(815301076,1909f56bfc062723c751e8b465ee728b) (PreviewImporter) -> (artifact id: '02e5b530d5b44d961131ffba578cd945') in 0.0286125 seconds
Number of updated asset objects reloaded before import = 0Number of asset objects unloaded after import = 20

========================================================================
Received Import Request.
  Time since last request: 0.000043 seconds.
  path: Assets/Readme.asset
  artifactKey: Guid(8105016687592461f977c054a80ce2f2) Importer(815301076,1909f56bfc062723c751e8b465ee728b)
Start importing Assets/Readme.asset using Guid(8105016687592461f977c054a80ce2f2) Importer(815301076,1909f56bfc062723c751e8b465ee728b) (PreviewImporter) -> (artifact id: '50ea5ad2cda8720781b90d71f311d8d1') in 0.0098734 seconds
Number of updated asset objects reloaded before import = 0Number of asset objects unloaded after import = 2

========================================================================
Received Prepare
Begin MonoManager ReloadAssembly
- Loaded All Assemblies, in  3.265 seconds
Refreshing native plugins compatible for Editor in 6.92 ms, found 3 plugins.
Assertion failed on expression: 'pred(*previous, *i)'
Assertion failed on expression: 'pred(*previous, *i)'
Assertion failed on expression: 'pred(*previous, *i)'
Native extension for Android target not found
Native extension for UWP target not found
Native extension for WindowsStandalone target not found
Native extension for WebGL target not found
Mono: successfully reloaded assembly
- Finished resetting the current domain, in  0.913 seconds
Domain Reload Profiling: 4162ms
	BeginReloadAssembly (1299ms)
		ExecutionOrderSort (0ms)
		DisableScriptedObjects (6ms)
		BackupInstance (0ms)
		ReleaseScriptingObjects (0ms)
		CreateAndSetChildDomain (40ms)
	RebuildCommonClasses (69ms)
	RebuildNativeTypeToScriptingClass (15ms)
	initialDomainReloadingComplete (68ms)
	LoadAllAssembliesAndSetupDomain (1796ms)
		LoadAssemblies (2659ms)
		RebuildTransferFunctionScriptingTraits (0ms)
		AnalyzeDomain (340ms)
			TypeCache.Refresh (191ms)
				TypeCache.ScanAssembly (177ms)
			BuildScriptInfoCaches (134ms)
			ResolveRequiredComponents (12ms)
	FinalizeReload (915ms)
		ReleaseScriptCaches (0ms)
		RebuildScriptCaches (0ms)
		SetupLoadedEditorAssemblies (549ms)
			LogAssemblyErrors (0ms)
			InitializePlatformSupportModulesInManaged (22ms)
			SetLoadedEditorAssemblies (5ms)
			BeforeProcessingInitializeOnLoad (110ms)
			ProcessInitializeOnLoadAttributes (356ms)
			ProcessInitializeOnLoadMethodAttributes (51ms)
			AfterProcessingInitializeOnLoad (5ms)
			EditorAssembliesLoaded (0ms)
		ExecutionOrderSort2 (0ms)
		AwakeInstancesAfterBackupRestoration (11ms)
Refreshing native plugins compatible for Editor in 9.94 ms, found 3 plugins.
Preloading 0 native plugins for Editor in 0.00 ms.
Unloading 48 Unused Serialized files (Serialized files now loaded: 0)
Unloading 6076 unused Assets / (6.2 MB). Loaded Objects now: 6739.
Memory consumption went from 147.8 MB to 141.7 MB.
Total: 6.595100 ms (FindLiveObjects: 0.388000 ms CreateObjectMapping: 0.251700 ms MarkObjects: 3.473700 ms  DeleteObjects: 2.480900 ms)

Prepare: number of updated asset objects reloaded= 0
========================================================================
Received Import Request.
  Time since last request: 213.219049 seconds.
  path: Assets
  artifactKey: Guid(00000000000000001000000000000000) Importer(815301076,1909f56bfc062723c751e8b465ee728b)
Start importing Assets using Guid(00000000000000001000000000000000) Importer(815301076,1909f56bfc062723c751e8b465ee728b) (PreviewImporter) -> (artifact id: 'c391582d739b6e62a5220f35cbb167ac') in 0.0031528 seconds
Number of updated asset objects reloaded before import = 0Number of asset objects unloaded after import = 0

========================================================================
Received Import Request.
  Time since last request: 8.634342 seconds.
  path: Assets/Sum
  artifactKey: Guid(2dd70fed78c76024e94051a0737fb907) Importer(815301076,1909f56bfc062723c751e8b465ee728b)
Start importing Assets/Sum using Guid(2dd70fed78c76024e94051a0737fb907) Importer(815301076,1909f56bfc062723c751e8b465ee728b) (PreviewImporter) -> (artifact id: 'fa6561e40446168abc493d9c91b91020') in 0.0010406 seconds
Number of updated asset objects reloaded before import = 0Number of asset objects unloaded after import = 0

========================================================================
Received Import Request.
  Time since last request: 90.290003 seconds.
  path: Assets/Sum/Sum.prefab
  artifactKey: Guid(4f57b4318aa06ac41b8d6b81f7c2a868) Importer(815301076,1909f56bfc062723c751e8b465ee728b)
Start importing Assets/Sum/Sum.prefab using Guid(4f57b4318aa06ac41b8d6b81f7c2a868) Importer(815301076,1909f56bfc062723c751e8b465ee728b) (PreviewImporter) -> (artifact id: '9bf92828636781af22d1c3e324d81538') in 2.7761841 seconds
Number of updated asset objects reloaded before import = 0Number of asset objects unloaded after import = 9

========================================================================
Received Import Request.
  Time since last request: 19.954178 seconds.
  path: Assets/Sum/Sum.shadergraph
  artifactKey: Guid(c15123f2c5bc2c748ad6ed4a1d4a3ac5) Importer(815301076,1909f56bfc062723c751e8b465ee728b)
Start importing Assets/Sum/Sum.shadergraph using Guid(c15123f2c5bc2c748ad6ed4a1d4a3ac5) Importer(815301076,1909f56bfc062723c751e8b465ee728b) (PreviewImporter) -> (artifact id: '63f7a938ca97b9508ec8504b856b33a0') in 2.2991481 seconds
Number of updated asset objects reloaded before import = 0Number of asset objects unloaded after import = 5

========================================================================
Received Import Request.
  Time since last request: 1790.783379 seconds.
  path: Assets/Sum/Sum.shadergraph
  artifactKey: Guid(c15123f2c5bc2c748ad6ed4a1d4a3ac5) Importer(815301076,1909f56bfc062723c751e8b465ee728b)
Start importing Assets/Sum/Sum.shadergraph using Guid(c15123f2c5bc2c748ad6ed4a1d4a3ac5) Importer(815301076,1909f56bfc062723c751e8b465ee728b) (PreviewImporter) -> (artifact id: '7de8012844fc82cb995cd30173f81a74') in 2.1932072 seconds
Number of updated asset objects reloaded before import = 0Number of asset objects unloaded after import = 5

========================================================================
Received Prepare
Begin MonoManager ReloadAssembly
- Loaded All Assemblies, in  2.085 seconds
Refreshing native plugins compatible for Editor in 4.58 ms, found 3 plugins.
Assertion failed on expression: 'pred(*previous, *i)'
Assertion failed on expression: 'pred(*previous, *i)'
Assertion failed on expression: 'pred(*previous, *i)'
Native extension for Android target not found
Native extension for UWP target not found
Native extension for WindowsStandalone target not found
Native extension for WebGL target not found
Mono: successfully reloaded assembly
- Finished resetting the current domain, in  0.751 seconds
Domain Reload Profiling: 2835ms
	BeginReloadAssembly (733ms)
		ExecutionOrderSort (0ms)
		DisableScriptedObjects (17ms)
		BackupInstance (0ms)
		ReleaseScriptingObjects (0ms)
		CreateAndSetChildDomain (60ms)
	RebuildCommonClasses (85ms)
	RebuildNativeTypeToScriptingClass (9ms)
	initialDomainReloadingComplete (43ms)
	LoadAllAssembliesAndSetupDomain (1214ms)
		LoadAssemblies (1623ms)
		RebuildTransferFunctionScriptingTraits (0ms)
		AnalyzeDomain (208ms)
			TypeCache.Refresh (7ms)
				TypeCache.ScanAssembly (0ms)
			BuildScriptInfoCaches (187ms)
			ResolveRequiredComponents (10ms)
	FinalizeReload (751ms)
		ReleaseScriptCaches (0ms)
		RebuildScriptCaches (0ms)
		SetupLoadedEditorAssemblies (502ms)
			LogAssemblyErrors (0ms)
			InitializePlatformSupportModulesInManaged (17ms)
			SetLoadedEditorAssemblies (4ms)
			BeforeProcessingInitializeOnLoad (97ms)
			ProcessInitializeOnLoadAttributes (331ms)
			ProcessInitializeOnLoadMethodAttributes (46ms)
			AfterProcessingInitializeOnLoad (6ms)
			EditorAssembliesLoaded (0ms)
		ExecutionOrderSort2 (0ms)
		AwakeInstancesAfterBackupRestoration (11ms)
Refreshing native plugins compatible for Editor in 4.18 ms, found 3 plugins.
Preloading 0 native plugins for Editor in 0.00 ms.
Unloading 38 Unused Serialized files (Serialized files now loaded: 0)
Unloading 6077 unused Assets / (6.4 MB). Loaded Objects now: 6807.
Memory consumption went from 158.1 MB to 151.7 MB.
Total: 7.298800 ms (FindLiveObjects: 0.486700 ms CreateObjectMapping: 0.300500 ms MarkObjects: 3.999200 ms  DeleteObjects: 2.510700 ms)

Prepare: number of updated asset objects reloaded= 0
========================================================================
Received Import Request.
  Time since last request: 1083.898159 seconds.
  path: Assets/Sum/cHJpdmF0ZS9sci9pbWFnZXMvd2Vic2l0ZS8yMDI0LTEyL3Jhd3BpeGVsX29mZmljZV8zNF9yZWFsaXN0aWNfY3JhY2tlZF9nbGFzc190ZXh0dXJlX2ludHJpY2F0ZV9zaF83MjMzYWVlZi0xNWUxLTQzMTAtOTMyOS05N2YwZjYxNWQ0NDEtbTUwZXBvd3kucG5n.webp
  artifactKey: Guid(ce5ef59187e0fd548b06e0bb58a52148) Importer(815301076,1909f56bfc062723c751e8b465ee728b)
Start importing Assets/Sum/cHJpdmF0ZS9sci9pbWFnZXMvd2Vic2l0ZS8yMDI0LTEyL3Jhd3BpeGVsX29mZmljZV8zNF9yZWFsaXN0aWNfY3JhY2tlZF9nbGFzc190ZXh0dXJlX2ludHJpY2F0ZV9zaF83MjMzYWVlZi0xNWUxLTQzMTAtOTMyOS05N2YwZjYxNWQ0NDEtbTUwZXBvd3kucG5n.webp using Guid(ce5ef59187e0fd548b06e0bb58a52148) Importer(815301076,1909f56bfc062723c751e8b465ee728b) (PreviewImporter) -> (artifact id: '4ed75a65f00484aa27ed001eaf58ba5f') in 0.0346605 seconds
Number of updated asset objects reloaded before import = 0Number of asset objects unloaded after import = 1

========================================================================
Received Import Request.
  Time since last request: 44.627876 seconds.
  path: Assets/Sum/rachadura.jpeg
  artifactKey: Guid(61b61d0f0f3432c42b1a9bfbcf3f5afc) Importer(815301076,1909f56bfc062723c751e8b465ee728b)
Start importing Assets/Sum/rachadura.jpeg using Guid(61b61d0f0f3432c42b1a9bfbcf3f5afc) Importer(815301076,1909f56bfc062723c751e8b465ee728b) (PreviewImporter) -> (artifact id: '09915362bf3ea1ae73c06e11788451df') in 0.038981 seconds
Number of updated asset objects reloaded before import = 0Number of asset objects unloaded after import = 2

========================================================================
Received Import Request.
  Time since last request: 2334.163570 seconds.
  path: Assets/Sum/Sum.prefab
  artifactKey: Guid(4f57b4318aa06ac41b8d6b81f7c2a868) Importer(815301076,1909f56bfc062723c751e8b465ee728b)
Start importing Assets/Sum/Sum.prefab using Guid(4f57b4318aa06ac41b8d6b81f7c2a868) Importer(815301076,1909f56bfc062723c751e8b465ee728b) (PreviewImporter) -> (artifact id: 'be1f9e4de0686c2e198baa6ea7954290') in 2.4020772 seconds
Number of updated asset objects reloaded before import = 1Number of asset objects unloaded after import = 14

========================================================================
Received Import Request.
  Time since last request: 0.896882 seconds.
  path: Assets/Sum/Sum.shadergraph
  artifactKey: Guid(c15123f2c5bc2c748ad6ed4a1d4a3ac5) Importer(815301076,1909f56bfc062723c751e8b465ee728b)
Start importing Assets/Sum/Sum.shadergraph using Guid(c15123f2c5bc2c748ad6ed4a1d4a3ac5) Importer(815301076,1909f56bfc062723c751e8b465ee728b) (PreviewImporter) -> (artifact id: '72db6c4708bc112031fa9a7f562c2ea5') in 0.0294703 seconds
Number of updated asset objects reloaded before import = 0Number of asset objects unloaded after import = 4

========================================================================
Received Import Request.
  Time since last request: 183.070233 seconds.
  path: Assets/Sum/Sum.prefab
  artifactKey: Guid(4f57b4318aa06ac41b8d6b81f7c2a868) Importer(815301076,1909f56bfc062723c751e8b465ee728b)
Start importing Assets/Sum/Sum.prefab using Guid(4f57b4318aa06ac41b8d6b81f7c2a868) Importer(815301076,1909f56bfc062723c751e8b465ee728b) (PreviewImporter) -> (artifact id: '7d7221ea50dd09498f149f258fa5c381') in 2.1636551 seconds
Number of updated asset objects reloaded before import = 1Number of asset objects unloaded after import = 12

========================================================================
Received Import Request.
  Time since last request: 788.763163 seconds.
  path: Assets/Sum/Sum.prefab
  artifactKey: Guid(4f57b4318aa06ac41b8d6b81f7c2a868) Importer(815301076,1909f56bfc062723c751e8b465ee728b)
Start importing Assets/Sum/Sum.prefab using Guid(4f57b4318aa06ac41b8d6b81f7c2a868) Importer(815301076,1909f56bfc062723c751e8b465ee728b) (PreviewImporter) -> (artifact id: '1548128dba2e3d63d076936056b006b8') in 1.9886298 seconds
Number of updated asset objects reloaded before import = 1Number of asset objects unloaded after import = 12

========================================================================
Received Import Request.
  Time since last request: 117.921807 seconds.
  path: Assets/Sum/Sum.prefab
  artifactKey: Guid(4f57b4318aa06ac41b8d6b81f7c2a868) Importer(815301076,1909f56bfc062723c751e8b465ee728b)
Start importing Assets/Sum/Sum.prefab using Guid(4f57b4318aa06ac41b8d6b81f7c2a868) Importer(815301076,1909f56bfc062723c751e8b465ee728b) (PreviewImporter) -> (artifact id: '7d37acfbfddf8c93c5f132579c88b1e9') in 2.3771966 seconds
Number of updated asset objects reloaded before import = 1Number of asset objects unloaded after import = 12

========================================================================
Received Import Request.
  Time since last request: 36.445778 seconds.
  path: Assets/Sum/Sum.prefab
  artifactKey: Guid(4f57b4318aa06ac41b8d6b81f7c2a868) Importer(815301076,1909f56bfc062723c751e8b465ee728b)
Start importing Assets/Sum/Sum.prefab using Guid(4f57b4318aa06ac41b8d6b81f7c2a868) Importer(815301076,1909f56bfc062723c751e8b465ee728b) (PreviewImporter) -> (artifact id: 'a9e4dc378273d6a41e27f2b9d3e1c6e8') in 2.0745691 seconds
Number of updated asset objects reloaded before import = 1Number of asset objects unloaded after import = 12

========================================================================
Received Import Request.
  Time since last request: 34.095808 seconds.
  path: Assets/Sum/Sum.prefab
  artifactKey: Guid(4f57b4318aa06ac41b8d6b81f7c2a868) Importer(815301076,1909f56bfc062723c751e8b465ee728b)
Start importing Assets/Sum/Sum.prefab using Guid(4f57b4318aa06ac41b8d6b81f7c2a868) Importer(815301076,1909f56bfc062723c751e8b465ee728b) (PreviewImporter) -> (artifact id: '69c63edd206f770821ab82896f539ea8') in 0.1142841 seconds
Number of updated asset objects reloaded before import = 1Number of asset objects unloaded after import = 12

========================================================================
Received Import Request.
  Time since last request: 95.962540 seconds.
  path: Assets/Sum/Sum.prefab
  artifactKey: Guid(4f57b4318aa06ac41b8d6b81f7c2a868) Importer(815301076,1909f56bfc062723c751e8b465ee728b)
Start importing Assets/Sum/Sum.prefab using Guid(4f57b4318aa06ac41b8d6b81f7c2a868) Importer(815301076,1909f56bfc062723c751e8b465ee728b) (PreviewImporter) -> (artifact id: '89a4704a5bd9e20fff0643ba675aca52') in 0.0182688 seconds
Number of updated asset objects reloaded before import = 0Number of asset objects unloaded after import = 12

