Using pre-set license
Built from '6000.0/release' branch; Version is '6000.0.35f1 (9a3bc604008a) revision 10107846'; Using compiler version '193933523'; Build Type 'Release'
OS: 'Windows 11  (10.0.26100) 64bit Professional' Language: 'pt' Physical Memory: 12180 MB
BatchMode: 1, IsHumanControllingUs: 0, StartBugReporterOnCrash: 0, Is64bit: 1, IsPro: 1

COMMAND LINE ARGUMENTS:
C:\Unity\Unity.ver\Installs\6000.0.35f1\Editor\Unity.exe
-adb2
-batchMode
-noUpm
-name
AssetImportWorker0
-projectPath
D:/1-Projetos Puc/Projetos MEP/Clone Celeste
-logFile
Logs/AssetImportWorker0.log
-srvPort
58416
-job-worker-count
5
-background-job-worker-count
8
-gc-helper-count
1
Successfully changed project path to: D:/1-Projetos Puc/Projetos MEP/Clone Celeste
D:/1-Projetos Puc/Projetos MEP/Clone Celeste
[UnityMemory] Configuration Parameters - Can be set up in boot.config
    "memorysetup-bucket-allocator-granularity=16"
    "memorysetup-bucket-allocator-bucket-count=8"
    "memorysetup-bucket-allocator-block-size=33554432"
    "memorysetup-bucket-allocator-block-count=8"
    "memorysetup-main-allocator-block-size=16777216"
    "memorysetup-thread-allocator-block-size=16777216"
    "memorysetup-gfx-main-allocator-block-size=16777216"
    "memorysetup-gfx-thread-allocator-block-size=16777216"
    "memorysetup-cache-allocator-block-size=4194304"
    "memorysetup-typetree-allocator-block-size=2097152"
    "memorysetup-profiler-bucket-allocator-granularity=16"
    "memorysetup-profiler-bucket-allocator-bucket-count=8"
    "memorysetup-profiler-bucket-allocator-block-size=33554432"
    "memorysetup-profiler-bucket-allocator-block-count=8"
    "memorysetup-profiler-allocator-block-size=16777216"
    "memorysetup-profiler-editor-allocator-block-size=1048576"
    "memorysetup-temp-allocator-size-main=16777216"
    "memorysetup-job-temp-allocator-block-size=2097152"
    "memorysetup-job-temp-allocator-block-size-background=1048576"
    "memorysetup-job-temp-allocator-reduction-small-platforms=262144"
    "memorysetup-allocator-temp-initial-block-size-main=262144"
    "memorysetup-allocator-temp-initial-block-size-worker=262144"
    "memorysetup-temp-allocator-size-background-worker=32768"
    "memorysetup-temp-allocator-size-job-worker=262144"
    "memorysetup-temp-allocator-size-preload-manager=33554432"
    "memorysetup-temp-allocator-size-nav-mesh-worker=65536"
    "memorysetup-temp-allocator-size-audio-worker=65536"
    "memorysetup-temp-allocator-size-cloud-worker=32768"
    "memorysetup-temp-allocator-size-gi-baking-worker=262144"
    "memorysetup-temp-allocator-size-gi-baking-worker=262144"
    "memorysetup-temp-allocator-size-gi-baking-worker=262144"
    "memorysetup-temp-allocator-size-gi-baking-worker=262144"
    "memorysetup-temp-allocator-size-gi-baking-worker=262144"
    "memorysetup-temp-allocator-size-gfx=262144"
Player connection [22344]  Target information:

Player connection [22344]  * "[IP] 192.168.15.10 [Port] 0 [Flags] 2 [Guid] 816433592 [EditorId] 816433592 [Version] 1048832 [Id] WindowsEditor(7,DESKTOP-AITJD1L) [Debug] 1 [PackageName] WindowsEditor [ProjectName] Editor" 

Player connection [22344] Host joined multi-casting on [225.0.0.222:54997]...
Player connection [22344] Host joined alternative multi-casting on [225.0.0.222:34997]...
JobSystem: Creating JobQueue using job-worker-count value 5
Input System module state changed to: Initialized.
[Physics::Module] Initialized fallback backend.
[Physics::Module] Id: 0xdecafbad
Library Redirect Path: Library/
[Physics::Module] Selected backend.
[Physics::Module] Name: PhysX
[Physics::Module] Id: 0xf2b8ea05
[Physics::Module] SDK Version: 4.1.2
[Physics::Module] Integration Version: 1.0.0
[Physics::Module] Threading Mode: Multi-Threaded
Refreshing native plugins compatible for Editor in 275.11 ms, found 4 plugins.
Preloading 0 native plugins for Editor in 0.00 ms.
Initialize engine version: 6000.0.35f1 (9a3bc604008a)
[Subsystems] Discovering subsystems at path C:/Unity/Unity.ver/Installs/6000.0.35f1/Editor/Data/Resources/UnitySubsystems
[Subsystems] Discovering subsystems at path D:/1-Projetos Puc/Projetos MEP/Clone Celeste/Assets
GfxDevice: creating device client; kGfxThreadingModeNonThreaded
Direct3D:
    Version:  Direct3D 11.0 [level 11.1]
    Renderer: AMD Radeon(TM) Graphics (ID=0x1638)
    Vendor:   ATI
    VRAM:     6090 MB
    Driver:   31.0.21923.1000
Initialize mono
Mono path[0] = 'C:/Unity/Unity.ver/Installs/6000.0.35f1/Editor/Data/Managed'
Mono path[1] = 'C:/Unity/Unity.ver/Installs/6000.0.35f1/Editor/Data/MonoBleedingEdge/lib/mono/unityjit-win32'
Mono config path = 'C:/Unity/Unity.ver/Installs/6000.0.35f1/Editor/Data/MonoBleedingEdge/etc'
Using monoOptions --debugger-agent=transport=dt_socket,embedding=1,server=y,suspend=n,address=127.0.0.1:56824
Begin MonoManager ReloadAssembly
Registering precompiled unity dll's ...
Register platform support module: C:/Unity/Unity.ver/Installs/6000.0.35f1/Editor/Data/PlaybackEngines/WebGLSupport/UnityEditor.WebGL.Extensions.dll
Register platform support module: C:/Unity/Unity.ver/Installs/6000.0.35f1/Editor/Data/PlaybackEngines/WindowsStandaloneSupport/UnityEditor.WindowsStandalone.Extensions.dll
Registered in 0.519531 seconds.
- Loaded All Assemblies, in 11.422 seconds
Native extension for WindowsStandalone target not found
Native extension for WebGL target not found
Mono: successfully reloaded assembly
- Finished resetting the current domain, in  0.397 seconds
Domain Reload Profiling: 11817ms
	BeginReloadAssembly (8796ms)
		ExecutionOrderSort (0ms)
		DisableScriptedObjects (0ms)
		BackupInstance (0ms)
		ReleaseScriptingObjects (0ms)
		CreateAndSetChildDomain (1ms)
	RebuildCommonClasses (579ms)
	RebuildNativeTypeToScriptingClass (11ms)
	initialDomainReloadingComplete (574ms)
	LoadAllAssembliesAndSetupDomain (1459ms)
		LoadAssemblies (8791ms)
		RebuildTransferFunctionScriptingTraits (0ms)
		AnalyzeDomain (1455ms)
			TypeCache.Refresh (1453ms)
				TypeCache.ScanAssembly (1149ms)
			BuildScriptInfoCaches (0ms)
			ResolveRequiredComponents (1ms)
	FinalizeReload (398ms)
		ReleaseScriptCaches (0ms)
		RebuildScriptCaches (0ms)
		SetupLoadedEditorAssemblies (345ms)
			LogAssemblyErrors (0ms)
			InitializePlatformSupportModulesInManaged (31ms)
			SetLoadedEditorAssemblies (5ms)
			BeforeProcessingInitializeOnLoad (58ms)
			ProcessInitializeOnLoadAttributes (166ms)
			ProcessInitializeOnLoadMethodAttributes (84ms)
			AfterProcessingInitializeOnLoad (0ms)
			EditorAssembliesLoaded (0ms)
		ExecutionOrderSort2 (0ms)
		AwakeInstancesAfterBackupRestoration (0ms)
========================================================================
Worker process is ready to serve import requests
Import Worker Mode flag is 0x00
Begin MonoManager ReloadAssembly
- Loaded All Assemblies, in 10.705 seconds
Refreshing native plugins compatible for Editor in 2.32 ms, found 4 plugins.
Native extension for WindowsStandalone target not found
Native extension for WebGL target not found
Mono: successfully reloaded assembly
- Finished resetting the current domain, in  2.112 seconds
Domain Reload Profiling: 12811ms
	BeginReloadAssembly (215ms)
		ExecutionOrderSort (0ms)
		DisableScriptedObjects (9ms)
		BackupInstance (0ms)
		ReleaseScriptingObjects (0ms)
		CreateAndSetChildDomain (40ms)
	RebuildCommonClasses (48ms)
	RebuildNativeTypeToScriptingClass (11ms)
	initialDomainReloadingComplete (41ms)
	LoadAllAssembliesAndSetupDomain (10383ms)
		LoadAssemblies (9819ms)
		RebuildTransferFunctionScriptingTraits (0ms)
		AnalyzeDomain (695ms)
			TypeCache.Refresh (603ms)
				TypeCache.ScanAssembly (582ms)
			BuildScriptInfoCaches (69ms)
			ResolveRequiredComponents (17ms)
	FinalizeReload (2112ms)
		ReleaseScriptCaches (0ms)
		RebuildScriptCaches (0ms)
		SetupLoadedEditorAssemblies (1374ms)
			LogAssemblyErrors (0ms)
			InitializePlatformSupportModulesInManaged (4ms)
			SetLoadedEditorAssemblies (11ms)
			BeforeProcessingInitializeOnLoad (260ms)
			ProcessInitializeOnLoadAttributes (575ms)
			ProcessInitializeOnLoadMethodAttributes (517ms)
			AfterProcessingInitializeOnLoad (8ms)
			EditorAssembliesLoaded (0ms)
		ExecutionOrderSort2 (0ms)
		AwakeInstancesAfterBackupRestoration (9ms)
Launched and connected shader compiler UnityShaderCompiler.exe after 0.07 seconds
Refreshing native plugins compatible for Editor in 3.26 ms, found 4 plugins.
Preloading 0 native plugins for Editor in 0.00 ms.
Unloading 206 Unused Serialized files (Serialized files now loaded: 0)
Unloading 6657 unused Assets / (4.1 MB). Loaded Objects now: 7355.
Memory consumption went from 169.8 MB to 165.7 MB.
Total: 35.774000 ms (FindLiveObjects: 2.914900 ms CreateObjectMapping: 4.404200 ms MarkObjects: 16.968500 ms  DeleteObjects: 11.482400 ms)

========================================================================
Received Import Request.
  Time since last request: 56023.955026 seconds.
  path: Assets/Scenes/Sprites.Personagens
  artifactKey: Guid(9be340142545bca429895edb58dbc153) Importer(815301076,1909f56bfc062723c751e8b465ee728b)
Start importing Assets/Scenes/Sprites.Personagens using Guid(9be340142545bca429895edb58dbc153) Importer(815301076,1909f56bfc062723c751e8b465ee728b) (PreviewImporter) -> (artifact id: '83f638a6daf273a3eedb687a5cf2e926') in 0.0261481 seconds
Number of updated asset objects reloaded before import = 0Number of asset objects unloaded after import = 0

========================================================================
Received Import Request.
  Time since last request: 549.591091 seconds.
  path: Assets/Scenes/Sprites.Personagens/Madeline
  artifactKey: Guid(43ca439ae349699488445fb71060adb4) Importer(815301076,1909f56bfc062723c751e8b465ee728b)
Start importing Assets/Scenes/Sprites.Personagens/Madeline using Guid(43ca439ae349699488445fb71060adb4) Importer(815301076,1909f56bfc062723c751e8b465ee728b) (PreviewImporter) -> (artifact id: 'e9b962ae1c9628b84ff71bb1266f7feb') in 0.0012263 seconds
Number of updated asset objects reloaded before import = 0Number of asset objects unloaded after import = 0

========================================================================
Received Import Request.
  Time since last request: 0.780850 seconds.
  path: Assets/Scenes/Sprites.Personagens/Raw
  artifactKey: Guid(3d439c25784ce4949839dce0d1c34d27) Importer(815301076,1909f56bfc062723c751e8b465ee728b)
Start importing Assets/Scenes/Sprites.Personagens/Raw using Guid(3d439c25784ce4949839dce0d1c34d27) Importer(815301076,1909f56bfc062723c751e8b465ee728b) (PreviewImporter) -> (artifact id: 'cce3497a9e794dd1e097e0f815d43310') in 0.0005254 seconds
Number of updated asset objects reloaded before import = 0Number of asset objects unloaded after import = 0

========================================================================
Received Import Request.
  Time since last request: 2.422503 seconds.
  path: Assets/Scenes/Sprites.Personagens/Animations
  artifactKey: Guid(c2db82120196cb5448a965aba048d8ac) Importer(815301076,1909f56bfc062723c751e8b465ee728b)
Start importing Assets/Scenes/Sprites.Personagens/Animations using Guid(c2db82120196cb5448a965aba048d8ac) Importer(815301076,1909f56bfc062723c751e8b465ee728b) (PreviewImporter) -> (artifact id: 'd4ec44af2dccf03ba135a2c4b3b97cc8') in 0.0009047 seconds
Number of updated asset objects reloaded before import = 0Number of asset objects unloaded after import = 0

========================================================================
Received Import Request.
  Time since last request: 14.975117 seconds.
  path: Assets/Scenes/Sprites.Personagens/Madeline/Animations/player/bagdown/bagdown.gif
  artifactKey: Guid(ed5f1c9075ccaa84fbb76e4a1136f7a2) Importer(815301076,1909f56bfc062723c751e8b465ee728b)
Start importing Assets/Scenes/Sprites.Personagens/Madeline/Animations/player/bagdown/bagdown.gif using Guid(ed5f1c9075ccaa84fbb76e4a1136f7a2) Importer(815301076,1909f56bfc062723c751e8b465ee728b) (PreviewImporter) -> (artifact id: 'fccb5ac2f4c3d5b414f4be057e71f04c') in 0.176022 seconds
Number of updated asset objects reloaded before import = 0Number of asset objects unloaded after import = 3

========================================================================
Received Import Request.
  Time since last request: 1.057208 seconds.
  path: Assets/Scenes/Sprites.Personagens/Madeline/Animations/player/bagdown/f0.png
  artifactKey: Guid(76a43b16e91e973459ba66b9e4615c8d) Importer(815301076,1909f56bfc062723c751e8b465ee728b)
Start importing Assets/Scenes/Sprites.Personagens/Madeline/Animations/player/bagdown/f0.png using Guid(76a43b16e91e973459ba66b9e4615c8d) Importer(815301076,1909f56bfc062723c751e8b465ee728b) (PreviewImporter) -> (artifact id: 'e832f6cee8c0b79207dc89ade8ff0531') in 0.0391448 seconds
Number of updated asset objects reloaded before import = 0Number of asset objects unloaded after import = 3

========================================================================
Received Import Request.
  Time since last request: 0.309629 seconds.
  path: Assets/Scenes/Sprites.Personagens/Madeline/Animations/player/bagdown/f1.png
  artifactKey: Guid(4f6c713d57a887f428882e137716be3a) Importer(815301076,1909f56bfc062723c751e8b465ee728b)
Start importing Assets/Scenes/Sprites.Personagens/Madeline/Animations/player/bagdown/f1.png using Guid(4f6c713d57a887f428882e137716be3a) Importer(815301076,1909f56bfc062723c751e8b465ee728b) (PreviewImporter) -> (artifact id: 'dfbfe71d247cd304cebb84d606060580') in 0.0353792 seconds
Number of updated asset objects reloaded before import = 0Number of asset objects unloaded after import = 3

========================================================================
Received Import Request.
  Time since last request: 0.237802 seconds.
  path: Assets/Scenes/Sprites.Personagens/Madeline/Animations/player/bagdown/f2.png
  artifactKey: Guid(260e1ba8ff47af2449c6f08c3573426a) Importer(815301076,1909f56bfc062723c751e8b465ee728b)
Start importing Assets/Scenes/Sprites.Personagens/Madeline/Animations/player/bagdown/f2.png using Guid(260e1ba8ff47af2449c6f08c3573426a) Importer(815301076,1909f56bfc062723c751e8b465ee728b) (PreviewImporter) -> (artifact id: '9724a95bf41636e3e0d9d356a72a230c') in 0.0399819 seconds
Number of updated asset objects reloaded before import = 0Number of asset objects unloaded after import = 3

========================================================================
Received Import Request.
  Time since last request: 0.222244 seconds.
  path: Assets/Scenes/Sprites.Personagens/Madeline/Animations/player/bagdown/f3.png
  artifactKey: Guid(bef007961a6878e45805a815bf76649b) Importer(815301076,1909f56bfc062723c751e8b465ee728b)
Start importing Assets/Scenes/Sprites.Personagens/Madeline/Animations/player/bagdown/f3.png using Guid(bef007961a6878e45805a815bf76649b) Importer(815301076,1909f56bfc062723c751e8b465ee728b) (PreviewImporter) -> (artifact id: '9d8f470be588bb5cb8403f0a858da682') in 0.047255 seconds
Number of updated asset objects reloaded before import = 0Number of asset objects unloaded after import = 3

========================================================================
Received Import Request.
  Time since last request: 0.181948 seconds.
  path: Assets/Scenes/Sprites.Personagens/Madeline/Animations/player/bagdown/f5.png
  artifactKey: Guid(f3d2ff9af1be8db43b7451f5fd24e6d7) Importer(815301076,1909f56bfc062723c751e8b465ee728b)
Start importing Assets/Scenes/Sprites.Personagens/Madeline/Animations/player/bagdown/f5.png using Guid(f3d2ff9af1be8db43b7451f5fd24e6d7) Importer(815301076,1909f56bfc062723c751e8b465ee728b) (PreviewImporter) -> (artifact id: '6f3dd5d01611d433979ef6d972d51ccb') in 0.039436 seconds
Number of updated asset objects reloaded before import = 0Number of asset objects unloaded after import = 3

========================================================================
Received Import Request.
  Time since last request: 0.210674 seconds.
  path: Assets/Scenes/Sprites.Personagens/Madeline/Animations/player/bagdown/f6.png
  artifactKey: Guid(00c0842647ae36f4caab997710be19b7) Importer(815301076,1909f56bfc062723c751e8b465ee728b)
Start importing Assets/Scenes/Sprites.Personagens/Madeline/Animations/player/bagdown/f6.png using Guid(00c0842647ae36f4caab997710be19b7) Importer(815301076,1909f56bfc062723c751e8b465ee728b) (PreviewImporter) -> (artifact id: '7901d9a97124919c144f5dbb2109bf97') in 0.0384186 seconds
Number of updated asset objects reloaded before import = 0Number of asset objects unloaded after import = 3

========================================================================
Received Import Request.
  Time since last request: 0.574229 seconds.
  path: Assets/Scenes/Sprites.Personagens/Madeline/Animations/player/bagdown/f8.png
  artifactKey: Guid(1c31a32065df15f449ffb59abb34099d) Importer(815301076,1909f56bfc062723c751e8b465ee728b)
Start importing Assets/Scenes/Sprites.Personagens/Madeline/Animations/player/bagdown/f8.png using Guid(1c31a32065df15f449ffb59abb34099d) Importer(815301076,1909f56bfc062723c751e8b465ee728b) (PreviewImporter) -> (artifact id: '75a66585a6618b11f7fd9ca51d92d69a') in 0.0387074 seconds
Number of updated asset objects reloaded before import = 0Number of asset objects unloaded after import = 3

========================================================================
Received Import Request.
  Time since last request: 0.304223 seconds.
  path: Assets/Scenes/Sprites.Personagens/Madeline/Animations/player/bagdown/f9.png
  artifactKey: Guid(7207b729b8dc135429d7fa8fa27f5b8e) Importer(815301076,1909f56bfc062723c751e8b465ee728b)
Start importing Assets/Scenes/Sprites.Personagens/Madeline/Animations/player/bagdown/f9.png using Guid(7207b729b8dc135429d7fa8fa27f5b8e) Importer(815301076,1909f56bfc062723c751e8b465ee728b) (PreviewImporter) -> (artifact id: 'a9ddeaeee768a87ff7befaa0ee0ebf1a') in 0.0364898 seconds
Number of updated asset objects reloaded before import = 0Number of asset objects unloaded after import = 3

========================================================================
Received Import Request.
  Time since last request: 0.334396 seconds.
  path: Assets/Scenes/Sprites.Personagens/Madeline/Animations/player/bagdown/f10.png
  artifactKey: Guid(845038ccd9f3c40489efc7a8723696b6) Importer(815301076,1909f56bfc062723c751e8b465ee728b)
Start importing Assets/Scenes/Sprites.Personagens/Madeline/Animations/player/bagdown/f10.png using Guid(845038ccd9f3c40489efc7a8723696b6) Importer(815301076,1909f56bfc062723c751e8b465ee728b) (PreviewImporter) -> (artifact id: '6e63050e901122deca400e3029bd1107') in 0.0390233 seconds
Number of updated asset objects reloaded before import = 0Number of asset objects unloaded after import = 3

========================================================================
Received Import Request.
  Time since last request: 2.075730 seconds.
  path: Assets/Scenes/Sprites.Personagens/Madeline/Animations/player/bigFall/f0.png
  artifactKey: Guid(cb2dca331e88462418240a5bc0ee3bad) Importer(815301076,1909f56bfc062723c751e8b465ee728b)
Start importing Assets/Scenes/Sprites.Personagens/Madeline/Animations/player/bigFall/f0.png using Guid(cb2dca331e88462418240a5bc0ee3bad) Importer(815301076,1909f56bfc062723c751e8b465ee728b) (PreviewImporter) -> (artifact id: 'd630e1ee47f4a9d40d281d276780ce24') in 0.041809 seconds
Number of updated asset objects reloaded before import = 0Number of asset objects unloaded after import = 3

========================================================================
Received Import Request.
  Time since last request: 0.431557 seconds.
  path: Assets/Scenes/Sprites.Personagens/Madeline/Animations/player/bigFall/bigFall.gif
  artifactKey: Guid(a2ad034d3ca63ba42ab9798075261b64) Importer(815301076,1909f56bfc062723c751e8b465ee728b)
Start importing Assets/Scenes/Sprites.Personagens/Madeline/Animations/player/bigFall/bigFall.gif using Guid(a2ad034d3ca63ba42ab9798075261b64) Importer(815301076,1909f56bfc062723c751e8b465ee728b) (PreviewImporter) -> (artifact id: '6f1b80244e6ed209460005a6c0afb32c') in 0.0384853 seconds
Number of updated asset objects reloaded before import = 0Number of asset objects unloaded after import = 3

========================================================================
Received Import Request.
  Time since last request: 0.225583 seconds.
  path: Assets/Scenes/Sprites.Personagens/Madeline/Animations/player/bigFall/f1.png
  artifactKey: Guid(a8203681c2e7d80469ab76453ad95711) Importer(815301076,1909f56bfc062723c751e8b465ee728b)
Start importing Assets/Scenes/Sprites.Personagens/Madeline/Animations/player/bigFall/f1.png using Guid(a8203681c2e7d80469ab76453ad95711) Importer(815301076,1909f56bfc062723c751e8b465ee728b) (PreviewImporter) -> (artifact id: '5efad85c301366cb81c55af9bd57ba01') in 0.0395342 seconds
Number of updated asset objects reloaded before import = 0Number of asset objects unloaded after import = 3

========================================================================
Received Import Request.
  Time since last request: 0.537403 seconds.
  path: Assets/Scenes/Sprites.Personagens/Madeline/Animations/player/bigFall/f4.png
  artifactKey: Guid(bfdbd8f178a95984396520101fcf8dea) Importer(815301076,1909f56bfc062723c751e8b465ee728b)
Start importing Assets/Scenes/Sprites.Personagens/Madeline/Animations/player/bigFall/f4.png using Guid(bfdbd8f178a95984396520101fcf8dea) Importer(815301076,1909f56bfc062723c751e8b465ee728b) (PreviewImporter) -> (artifact id: '5ff974d6c27e388032af773229d103a9') in 0.0415003 seconds
Number of updated asset objects reloaded before import = 0Number of asset objects unloaded after import = 3

========================================================================
Received Import Request.
  Time since last request: 3.789244 seconds.
  path: Assets/Scenes/Sprites.Personagens/Madeline/Animations/player/bigFallRecover/f0.png
  artifactKey: Guid(6abaf6714cd7fee468d2a3e839a61f88) Importer(815301076,1909f56bfc062723c751e8b465ee728b)
Start importing Assets/Scenes/Sprites.Personagens/Madeline/Animations/player/bigFallRecover/f0.png using Guid(6abaf6714cd7fee468d2a3e839a61f88) Importer(815301076,1909f56bfc062723c751e8b465ee728b) (PreviewImporter) -> (artifact id: '83cf43cb7423408d81bedb8dbf627b01') in 0.0407319 seconds
Number of updated asset objects reloaded before import = 0Number of asset objects unloaded after import = 3

========================================================================
Received Import Request.
  Time since last request: 0.386136 seconds.
  path: Assets/Scenes/Sprites.Personagens/Madeline/Animations/player/bigFallRecover/f5.png
  artifactKey: Guid(2be8fee522a0d3a49b8c76800ecfb88b) Importer(815301076,1909f56bfc062723c751e8b465ee728b)
Start importing Assets/Scenes/Sprites.Personagens/Madeline/Animations/player/bigFallRecover/f5.png using Guid(2be8fee522a0d3a49b8c76800ecfb88b) Importer(815301076,1909f56bfc062723c751e8b465ee728b) (PreviewImporter) -> (artifact id: '11ad1034e395a03d09d0b5598d3eb49f') in 0.0391184 seconds
Number of updated asset objects reloaded before import = 0Number of asset objects unloaded after import = 3

========================================================================
Received Import Request.
  Time since last request: 0.212496 seconds.
  path: Assets/Scenes/Sprites.Personagens/Madeline/Animations/player/bigFallRecover/f10.png
  artifactKey: Guid(308517fd5bfb7c742af1210f0fce83a2) Importer(815301076,1909f56bfc062723c751e8b465ee728b)
Start importing Assets/Scenes/Sprites.Personagens/Madeline/Animations/player/bigFallRecover/f10.png using Guid(308517fd5bfb7c742af1210f0fce83a2) Importer(815301076,1909f56bfc062723c751e8b465ee728b) (PreviewImporter) -> (artifact id: '42772b811be0583c29698bc0bc4a54e6') in 0.0476279 seconds
Number of updated asset objects reloaded before import = 0Number of asset objects unloaded after import = 3

========================================================================
Received Import Request.
  Time since last request: 0.200880 seconds.
  path: Assets/Scenes/Sprites.Personagens/Madeline/Animations/player/bigFallRecover/f12.png
  artifactKey: Guid(60afe59bedd40ad49896bfd21223800b) Importer(815301076,1909f56bfc062723c751e8b465ee728b)
Start importing Assets/Scenes/Sprites.Personagens/Madeline/Animations/player/bigFallRecover/f12.png using Guid(60afe59bedd40ad49896bfd21223800b) Importer(815301076,1909f56bfc062723c751e8b465ee728b) (PreviewImporter) -> (artifact id: 'b20600dd7c3b1fdddbcec7f23bd851b9') in 0.0406463 seconds
Number of updated asset objects reloaded before import = 0Number of asset objects unloaded after import = 3

========================================================================
Received Import Request.
  Time since last request: 1.299998 seconds.
  path: Assets/Scenes/Sprites.Personagens/Madeline/Animations/player/bigFallRecover/f18.png
  artifactKey: Guid(49ddaad2e713516419e9c306a0ca805b) Importer(815301076,1909f56bfc062723c751e8b465ee728b)
Start importing Assets/Scenes/Sprites.Personagens/Madeline/Animations/player/bigFallRecover/f18.png using Guid(49ddaad2e713516419e9c306a0ca805b) Importer(815301076,1909f56bfc062723c751e8b465ee728b) (PreviewImporter) -> (artifact id: 'b8bc7f91c17e9174474db2a03d1539c8') in 0.0418324 seconds
Number of updated asset objects reloaded before import = 0Number of asset objects unloaded after import = 3

========================================================================
Received Import Request.
  Time since last request: 1.335260 seconds.
  path: Assets/Scenes/Sprites.Personagens/Madeline/Animations/player/bubble
  artifactKey: Guid(e65708df3f139c74985cdf58f55ec950) Importer(815301076,1909f56bfc062723c751e8b465ee728b)
Start importing Assets/Scenes/Sprites.Personagens/Madeline/Animations/player/bubble using Guid(e65708df3f139c74985cdf58f55ec950) Importer(815301076,1909f56bfc062723c751e8b465ee728b) (PreviewImporter) -> (artifact id: 'a5b3145f9ad51c5970e10a2743746fb1') in 0.0012543 seconds
Number of updated asset objects reloaded before import = 0Number of asset objects unloaded after import = 0

========================================================================
Received Import Request.
  Time since last request: 1.263402 seconds.
  path: Assets/Scenes/Sprites.Personagens/Madeline/Animations/player/bubble/bubble.gif
  artifactKey: Guid(c99f44dd9a04a6f40bbff589decbdbad) Importer(815301076,1909f56bfc062723c751e8b465ee728b)
Start importing Assets/Scenes/Sprites.Personagens/Madeline/Animations/player/bubble/bubble.gif using Guid(c99f44dd9a04a6f40bbff589decbdbad) Importer(815301076,1909f56bfc062723c751e8b465ee728b) (PreviewImporter) -> (artifact id: '84ace2ccf95b4fceffa9454c1497cd27') in 0.0387162 seconds
Number of updated asset objects reloaded before import = 0Number of asset objects unloaded after import = 3

========================================================================
Received Import Request.
  Time since last request: 0.408813 seconds.
  path: Assets/Scenes/Sprites.Personagens/Madeline/Animations/player/bubble/f0.png
  artifactKey: Guid(c41dfa3f1bb57f3458e18523a69e4deb) Importer(815301076,1909f56bfc062723c751e8b465ee728b)
Start importing Assets/Scenes/Sprites.Personagens/Madeline/Animations/player/bubble/f0.png using Guid(c41dfa3f1bb57f3458e18523a69e4deb) Importer(815301076,1909f56bfc062723c751e8b465ee728b) (PreviewImporter) -> (artifact id: '2c4f0258ea74bc773346784c652de3ac') in 0.0375536 seconds
Number of updated asset objects reloaded before import = 0Number of asset objects unloaded after import = 3

========================================================================
Received Import Request.
  Time since last request: 1.407989 seconds.
  path: Assets/Scenes/Sprites.Personagens/Madeline/Animations/player/carryTheoCollapse/carryTheoCollapse.gif
  artifactKey: Guid(a64d7879ee139f3409e63a2af370202c) Importer(815301076,1909f56bfc062723c751e8b465ee728b)
Start importing Assets/Scenes/Sprites.Personagens/Madeline/Animations/player/carryTheoCollapse/carryTheoCollapse.gif using Guid(a64d7879ee139f3409e63a2af370202c) Importer(815301076,1909f56bfc062723c751e8b465ee728b) (PreviewImporter) -> (artifact id: 'f2afc405102f3d2aa33fc313fb3d139b') in 0.045567 seconds
Number of updated asset objects reloaded before import = 0Number of asset objects unloaded after import = 3

========================================================================
Received Import Request.
  Time since last request: 0.338704 seconds.
  path: Assets/Scenes/Sprites.Personagens/Madeline/Animations/player/carryTheoCollapse/f1.png
  artifactKey: Guid(0a122475bd07dd54c8d9002dc4d020ff) Importer(815301076,1909f56bfc062723c751e8b465ee728b)
Start importing Assets/Scenes/Sprites.Personagens/Madeline/Animations/player/carryTheoCollapse/f1.png using Guid(0a122475bd07dd54c8d9002dc4d020ff) Importer(815301076,1909f56bfc062723c751e8b465ee728b) (PreviewImporter) -> (artifact id: '6adc3616f814559a1a590e254a4fe80b') in 0.0512722 seconds
Number of updated asset objects reloaded before import = 0Number of asset objects unloaded after import = 3

========================================================================
Received Import Request.
  Time since last request: 0.233345 seconds.
  path: Assets/Scenes/Sprites.Personagens/Madeline/Animations/player/carryTheoCollapse/f4.png
  artifactKey: Guid(10132ac111f880d44be9acd00b3e17e1) Importer(815301076,1909f56bfc062723c751e8b465ee728b)
Start importing Assets/Scenes/Sprites.Personagens/Madeline/Animations/player/carryTheoCollapse/f4.png using Guid(10132ac111f880d44be9acd00b3e17e1) Importer(815301076,1909f56bfc062723c751e8b465ee728b) (PreviewImporter) -> (artifact id: '94d98dbbe98ac851ec04e836745b7f39') in 0.0375821 seconds
Number of updated asset objects reloaded before import = 0Number of asset objects unloaded after import = 3

========================================================================
Received Import Request.
  Time since last request: 0.220530 seconds.
  path: Assets/Scenes/Sprites.Personagens/Madeline/Animations/player/carryTheoCollapse/f5.png
  artifactKey: Guid(5ec9272bfbe6c294b8430b5c734f0ff6) Importer(815301076,1909f56bfc062723c751e8b465ee728b)
Start importing Assets/Scenes/Sprites.Personagens/Madeline/Animations/player/carryTheoCollapse/f5.png using Guid(5ec9272bfbe6c294b8430b5c734f0ff6) Importer(815301076,1909f56bfc062723c751e8b465ee728b) (PreviewImporter) -> (artifact id: '9dddd218099b27e0c3b49e831ac6121d') in 0.0448315 seconds
Number of updated asset objects reloaded before import = 0Number of asset objects unloaded after import = 3

========================================================================
Received Import Request.
  Time since last request: 2.644559 seconds.
  path: Assets/Scenes/Sprites.Personagens/Madeline/Animations/player/carryTheoWalk/f6.png
  artifactKey: Guid(fe23f2589eee0b5499f78c0d3b8a25a2) Importer(815301076,1909f56bfc062723c751e8b465ee728b)
Start importing Assets/Scenes/Sprites.Personagens/Madeline/Animations/player/carryTheoWalk/f6.png using Guid(fe23f2589eee0b5499f78c0d3b8a25a2) Importer(815301076,1909f56bfc062723c751e8b465ee728b) (PreviewImporter) -> (artifact id: '20207279de0965f23ee2562d2c305d91') in 0.0439499 seconds
Number of updated asset objects reloaded before import = 0Number of asset objects unloaded after import = 3

========================================================================
Received Import Request.
  Time since last request: 0.326108 seconds.
  path: Assets/Scenes/Sprites.Personagens/Madeline/Animations/player/carryTheoWalk/f10.png
  artifactKey: Guid(2b7b7490a961c9d48841599e18e840b4) Importer(815301076,1909f56bfc062723c751e8b465ee728b)
Start importing Assets/Scenes/Sprites.Personagens/Madeline/Animations/player/carryTheoWalk/f10.png using Guid(2b7b7490a961c9d48841599e18e840b4) Importer(815301076,1909f56bfc062723c751e8b465ee728b) (PreviewImporter) -> (artifact id: 'e7ffd205fdb491b22337592b4a8ee549') in 0.0400784 seconds
Number of updated asset objects reloaded before import = 0Number of asset objects unloaded after import = 3

========================================================================
Received Import Request.
  Time since last request: 0.382249 seconds.
  path: Assets/Scenes/Sprites.Personagens/Madeline/Animations/player/carryTheoWalk/f5.png
  artifactKey: Guid(c44b31f3c7ef6ba43bcd41bf226cd95a) Importer(815301076,1909f56bfc062723c751e8b465ee728b)
Start importing Assets/Scenes/Sprites.Personagens/Madeline/Animations/player/carryTheoWalk/f5.png using Guid(c44b31f3c7ef6ba43bcd41bf226cd95a) Importer(815301076,1909f56bfc062723c751e8b465ee728b) (PreviewImporter) -> (artifact id: '39b9030c61a3cb9a65af6420f9d6f01b') in 0.0415614 seconds
Number of updated asset objects reloaded before import = 0Number of asset objects unloaded after import = 3

========================================================================
Received Import Request.
  Time since last request: 0.298736 seconds.
  path: Assets/Scenes/Sprites.Personagens/Madeline/Animations/player/carryTheoWalk/f2.png
  artifactKey: Guid(76df065c427ce2e48bed7f898fdb87e4) Importer(815301076,1909f56bfc062723c751e8b465ee728b)
Start importing Assets/Scenes/Sprites.Personagens/Madeline/Animations/player/carryTheoWalk/f2.png using Guid(76df065c427ce2e48bed7f898fdb87e4) Importer(815301076,1909f56bfc062723c751e8b465ee728b) (PreviewImporter) -> (artifact id: '237c732f37b210fc066b1749f222468d') in 0.0379836 seconds
Number of updated asset objects reloaded before import = 0Number of asset objects unloaded after import = 3

========================================================================
Received Import Request.
  Time since last request: 4.978290 seconds.
  path: Assets/Scenes/Sprites.Personagens/Madeline/Animations/player/walk/f0.png
  artifactKey: Guid(c7fefd21fc2c73b48b226267f7bc393d) Importer(815301076,1909f56bfc062723c751e8b465ee728b)
Start importing Assets/Scenes/Sprites.Personagens/Madeline/Animations/player/walk/f0.png using Guid(c7fefd21fc2c73b48b226267f7bc393d) Importer(815301076,1909f56bfc062723c751e8b465ee728b) (PreviewImporter) -> (artifact id: '13463094c9f1d3e6f1c5fe7bdcac3093') in 0.0409552 seconds
Number of updated asset objects reloaded before import = 0Number of asset objects unloaded after import = 3

========================================================================
Received Import Request.
  Time since last request: 0.490347 seconds.
  path: Assets/Scenes/Sprites.Personagens/Madeline/Animations/player/walk/f3.png
  artifactKey: Guid(e08f7d4cdca07b2429f72686f5786958) Importer(815301076,1909f56bfc062723c751e8b465ee728b)
Start importing Assets/Scenes/Sprites.Personagens/Madeline/Animations/player/walk/f3.png using Guid(e08f7d4cdca07b2429f72686f5786958) Importer(815301076,1909f56bfc062723c751e8b465ee728b) (PreviewImporter) -> (artifact id: '6b682537a1e32b2fcbb465877c3b13d2') in 0.0358765 seconds
Number of updated asset objects reloaded before import = 0Number of asset objects unloaded after import = 3

========================================================================
Received Import Request.
  Time since last request: 0.314994 seconds.
  path: Assets/Scenes/Sprites.Personagens/Madeline/Animations/player/walk/f5.png
  artifactKey: Guid(2fef2559c8cd91a4dbd0a5a35d2a93a0) Importer(815301076,1909f56bfc062723c751e8b465ee728b)
Start importing Assets/Scenes/Sprites.Personagens/Madeline/Animations/player/walk/f5.png using Guid(2fef2559c8cd91a4dbd0a5a35d2a93a0) Importer(815301076,1909f56bfc062723c751e8b465ee728b) (PreviewImporter) -> (artifact id: 'a39686e9eec6f36d4b66846090534f21') in 0.0273491 seconds
Number of updated asset objects reloaded before import = 0Number of asset objects unloaded after import = 3

========================================================================
Received Import Request.
  Time since last request: 0.246657 seconds.
  path: Assets/Scenes/Sprites.Personagens/Madeline/Animations/player/walk/f7.png
  artifactKey: Guid(9c0445729a03f374eb8e55cc68ebbd50) Importer(815301076,1909f56bfc062723c751e8b465ee728b)
Start importing Assets/Scenes/Sprites.Personagens/Madeline/Animations/player/walk/f7.png using Guid(9c0445729a03f374eb8e55cc68ebbd50) Importer(815301076,1909f56bfc062723c751e8b465ee728b) (PreviewImporter) -> (artifact id: 'd5684bb5982a3835fe8bb5cae3642c5d') in 0.0385739 seconds
Number of updated asset objects reloaded before import = 0Number of asset objects unloaded after import = 3

========================================================================
Received Import Request.
  Time since last request: 2.575909 seconds.
  path: Assets/Scenes/Sprites.Personagens/Madeline/Animations/player/wakeUp/f0.png
  artifactKey: Guid(8d7610e1772771a40bb44ad564b47363) Importer(815301076,1909f56bfc062723c751e8b465ee728b)
Start importing Assets/Scenes/Sprites.Personagens/Madeline/Animations/player/wakeUp/f0.png using Guid(8d7610e1772771a40bb44ad564b47363) Importer(815301076,1909f56bfc062723c751e8b465ee728b) (PreviewImporter) -> (artifact id: 'ce1f23f4567086fd9ab9c61f63a20e9f') in 0.0452026 seconds
Number of updated asset objects reloaded before import = 0Number of asset objects unloaded after import = 3

========================================================================
Received Import Request.
  Time since last request: 0.364477 seconds.
  path: Assets/Scenes/Sprites.Personagens/Madeline/Animations/player/wakeUp/f2.png
  artifactKey: Guid(7eb518d7465746a4b8ebd09373117e4d) Importer(815301076,1909f56bfc062723c751e8b465ee728b)
Start importing Assets/Scenes/Sprites.Personagens/Madeline/Animations/player/wakeUp/f2.png using Guid(7eb518d7465746a4b8ebd09373117e4d) Importer(815301076,1909f56bfc062723c751e8b465ee728b) (PreviewImporter) -> (artifact id: '377f7a1867e5e7b962d386da5f20869b') in 0.0448527 seconds
Number of updated asset objects reloaded before import = 0Number of asset objects unloaded after import = 3

========================================================================
Received Import Request.
  Time since last request: 0.239904 seconds.
  path: Assets/Scenes/Sprites.Personagens/Madeline/Animations/player/wakeUp/f3.png
  artifactKey: Guid(7a13b0baa6ce55742845a00c84537211) Importer(815301076,1909f56bfc062723c751e8b465ee728b)
Start importing Assets/Scenes/Sprites.Personagens/Madeline/Animations/player/wakeUp/f3.png using Guid(7a13b0baa6ce55742845a00c84537211) Importer(815301076,1909f56bfc062723c751e8b465ee728b) (PreviewImporter) -> (artifact id: '8636f303108b5ae120b55875cc3ab3cb') in 0.0422236 seconds
Number of updated asset objects reloaded before import = 0Number of asset objects unloaded after import = 3

========================================================================
Received Import Request.
  Time since last request: 0.226463 seconds.
  path: Assets/Scenes/Sprites.Personagens/Madeline/Animations/player/wakeUp/f5.png
  artifactKey: Guid(bf4519d9b51f34c41ae21fc4915a35b8) Importer(815301076,1909f56bfc062723c751e8b465ee728b)
Start importing Assets/Scenes/Sprites.Personagens/Madeline/Animations/player/wakeUp/f5.png using Guid(bf4519d9b51f34c41ae21fc4915a35b8) Importer(815301076,1909f56bfc062723c751e8b465ee728b) (PreviewImporter) -> (artifact id: '7b1ad17ede96e6266ab979d6510a8110') in 0.0355928 seconds
Number of updated asset objects reloaded before import = 0Number of asset objects unloaded after import = 3

========================================================================
Received Import Request.
  Time since last request: 4.077108 seconds.
  path: Assets/Scenes/Sprites.Personagens/Madeline/Animations/player/runFast/f0.png
  artifactKey: Guid(5248db4212669e443ab7c6692b5dddf1) Importer(815301076,1909f56bfc062723c751e8b465ee728b)
Start importing Assets/Scenes/Sprites.Personagens/Madeline/Animations/player/runFast/f0.png using Guid(5248db4212669e443ab7c6692b5dddf1) Importer(815301076,1909f56bfc062723c751e8b465ee728b) (PreviewImporter) -> (artifact id: '91e6351eeb7d446eeed6608d7c093991') in 0.038905 seconds
Number of updated asset objects reloaded before import = 0Number of asset objects unloaded after import = 3

========================================================================
Received Import Request.
  Time since last request: 0.347944 seconds.
  path: Assets/Scenes/Sprites.Personagens/Madeline/Animations/player/runFast/f2.png
  artifactKey: Guid(e7a3ade6d671e4e43922374c2e6ff8f9) Importer(815301076,1909f56bfc062723c751e8b465ee728b)
Start importing Assets/Scenes/Sprites.Personagens/Madeline/Animations/player/runFast/f2.png using Guid(e7a3ade6d671e4e43922374c2e6ff8f9) Importer(815301076,1909f56bfc062723c751e8b465ee728b) (PreviewImporter) -> (artifact id: '87bd54c74323da30e28bbd1eca4911a1') in 0.0355136 seconds
Number of updated asset objects reloaded before import = 0Number of asset objects unloaded after import = 3

========================================================================
Received Import Request.
  Time since last request: 0.273534 seconds.
  path: Assets/Scenes/Sprites.Personagens/Madeline/Animations/player/runFast/f4.png
  artifactKey: Guid(1b653dfe60f786444a10353cbfd7c07b) Importer(815301076,1909f56bfc062723c751e8b465ee728b)
Start importing Assets/Scenes/Sprites.Personagens/Madeline/Animations/player/runFast/f4.png using Guid(1b653dfe60f786444a10353cbfd7c07b) Importer(815301076,1909f56bfc062723c751e8b465ee728b) (PreviewImporter) -> (artifact id: '7f8493ff0b80d7222669dcf967535bc2') in 0.0362115 seconds
Number of updated asset objects reloaded before import = 0Number of asset objects unloaded after import = 3

========================================================================
Received Import Request.
  Time since last request: 0.229183 seconds.
  path: Assets/Scenes/Sprites.Personagens/Madeline/Animations/player/runFast/f6.png
  artifactKey: Guid(5e88d29816f0fea4f8e1b61f390bcca0) Importer(815301076,1909f56bfc062723c751e8b465ee728b)
Start importing Assets/Scenes/Sprites.Personagens/Madeline/Animations/player/runFast/f6.png using Guid(5e88d29816f0fea4f8e1b61f390bcca0) Importer(815301076,1909f56bfc062723c751e8b465ee728b) (PreviewImporter) -> (artifact id: 'f8b766ab0991ae1c2fe0285451af1c67') in 0.020755 seconds
Number of updated asset objects reloaded before import = 0Number of asset objects unloaded after import = 3

========================================================================
Received Import Request.
  Time since last request: 2.602154 seconds.
  path: Assets/Scenes/Sprites.Personagens/Madeline/Animations/player/push/f1.png
  artifactKey: Guid(f7ea602f9f8dfb14a937bff37ce5eda7) Importer(815301076,1909f56bfc062723c751e8b465ee728b)
Start importing Assets/Scenes/Sprites.Personagens/Madeline/Animations/player/push/f1.png using Guid(f7ea602f9f8dfb14a937bff37ce5eda7) Importer(815301076,1909f56bfc062723c751e8b465ee728b) (PreviewImporter) -> (artifact id: '92fe506a501c5e9353e827764fc158df') in 0.0362205 seconds
Number of updated asset objects reloaded before import = 0Number of asset objects unloaded after import = 3

========================================================================
Received Import Request.
  Time since last request: 0.347846 seconds.
  path: Assets/Scenes/Sprites.Personagens/Madeline/Animations/player/push/f3.png
  artifactKey: Guid(0187babdd328c994eba92e55a039a78e) Importer(815301076,1909f56bfc062723c751e8b465ee728b)
Start importing Assets/Scenes/Sprites.Personagens/Madeline/Animations/player/push/f3.png using Guid(0187babdd328c994eba92e55a039a78e) Importer(815301076,1909f56bfc062723c751e8b465ee728b) (PreviewImporter) -> (artifact id: '70d21cb0d17f3fd7ede4efe613a5ef1c') in 0.0484928 seconds
Number of updated asset objects reloaded before import = 0Number of asset objects unloaded after import = 3

========================================================================
Received Import Request.
  Time since last request: 0.269955 seconds.
  path: Assets/Scenes/Sprites.Personagens/Madeline/Animations/player/push/f6.png
  artifactKey: Guid(ea537b32fc116ba45ab1a23b6da613ab) Importer(815301076,1909f56bfc062723c751e8b465ee728b)
Start importing Assets/Scenes/Sprites.Personagens/Madeline/Animations/player/push/f6.png using Guid(ea537b32fc116ba45ab1a23b6da613ab) Importer(815301076,1909f56bfc062723c751e8b465ee728b) (PreviewImporter) -> (artifact id: '75fc74806ef08ce3535b381257e54a29') in 0.0377421 seconds
Number of updated asset objects reloaded before import = 0Number of asset objects unloaded after import = 3

========================================================================
Received Import Request.
  Time since last request: 0.404620 seconds.
  path: Assets/Scenes/Sprites.Personagens/Madeline/Animations/player/push/f8.png
  artifactKey: Guid(fc22c5b3352efcc40a0f916f1ef99d61) Importer(815301076,1909f56bfc062723c751e8b465ee728b)
Start importing Assets/Scenes/Sprites.Personagens/Madeline/Animations/player/push/f8.png using Guid(fc22c5b3352efcc40a0f916f1ef99d61) Importer(815301076,1909f56bfc062723c751e8b465ee728b) (PreviewImporter) -> (artifact id: '8a82d8cdba771ce0ca77d54e632db447') in 0.0372163 seconds
Number of updated asset objects reloaded before import = 0Number of asset objects unloaded after import = 3

========================================================================
Received Import Request.
  Time since last request: 4.707375 seconds.
  path: Assets/Scenes/Sprites.Personagens/Madeline/Animations/player/flip/f1.png
  artifactKey: Guid(9469dc3dc0b725646aed04e00c1d5a44) Importer(815301076,1909f56bfc062723c751e8b465ee728b)
Start importing Assets/Scenes/Sprites.Personagens/Madeline/Animations/player/flip/f1.png using Guid(9469dc3dc0b725646aed04e00c1d5a44) Importer(815301076,1909f56bfc062723c751e8b465ee728b) (PreviewImporter) -> (artifact id: '93333ebc0d482e379108f5b56d047a33') in 0.036427 seconds
Number of updated asset objects reloaded before import = 0Number of asset objects unloaded after import = 3

========================================================================
Received Import Request.
  Time since last request: 0.412427 seconds.
  path: Assets/Scenes/Sprites.Personagens/Madeline/Animations/player/flip/f3.png
  artifactKey: Guid(46dfd4c8c30a03f469c60d52731cea13) Importer(815301076,1909f56bfc062723c751e8b465ee728b)
Start importing Assets/Scenes/Sprites.Personagens/Madeline/Animations/player/flip/f3.png using Guid(46dfd4c8c30a03f469c60d52731cea13) Importer(815301076,1909f56bfc062723c751e8b465ee728b) (PreviewImporter) -> (artifact id: '91a12a8bd2e3dba820f1ed7ab5eb4a10') in 0.0425895 seconds
Number of updated asset objects reloaded before import = 0Number of asset objects unloaded after import = 3

========================================================================
Received Import Request.
  Time since last request: 14.237583 seconds.
  path: Assets/Scenes/Sprites.Personagens/Madeline/Raw/player
  artifactKey: Guid(5fbb1d3dc4b9a854a87eb52fed5eed38) Importer(815301076,1909f56bfc062723c751e8b465ee728b)
Start importing Assets/Scenes/Sprites.Personagens/Madeline/Raw/player using Guid(5fbb1d3dc4b9a854a87eb52fed5eed38) Importer(815301076,1909f56bfc062723c751e8b465ee728b) (PreviewImporter) -> (artifact id: '6b1611a93645ad85a6c36be9ee7ac3b0') in 0.0008835 seconds
Number of updated asset objects reloaded before import = 0Number of asset objects unloaded after import = 0

========================================================================
Received Import Request.
  Time since last request: 1.027077 seconds.
  path: Assets/Scenes/Sprites.Personagens/Madeline/Raw/player/levelUp
  artifactKey: Guid(8455e9d1e308cbb48bb008819298caf7) Importer(815301076,1909f56bfc062723c751e8b465ee728b)
Start importing Assets/Scenes/Sprites.Personagens/Madeline/Raw/player/levelUp using Guid(8455e9d1e308cbb48bb008819298caf7) Importer(815301076,1909f56bfc062723c751e8b465ee728b) (PreviewImporter) -> (artifact id: '881d51bc870001a8b89dbf34781d0eaf') in 0.0007902 seconds
Number of updated asset objects reloaded before import = 0Number of asset objects unloaded after import = 0

========================================================================
Received Import Request.
  Time since last request: 0.954402 seconds.
  path: Assets/Scenes/Sprites.Personagens/Madeline/Raw/player/bigfall03.png
  artifactKey: Guid(6b8b385044f3ce74ea0de8b3cf1161d9) Importer(815301076,1909f56bfc062723c751e8b465ee728b)
Start importing Assets/Scenes/Sprites.Personagens/Madeline/Raw/player/bigfall03.png using Guid(6b8b385044f3ce74ea0de8b3cf1161d9) Importer(815301076,1909f56bfc062723c751e8b465ee728b) (PreviewImporter) -> (artifact id: 'beddc32c1095e84f6dabf0c1508f7d8b') in 0.0572941 seconds
Number of updated asset objects reloaded before import = 0Number of asset objects unloaded after import = 3

========================================================================
Received Import Request.
  Time since last request: 0.389613 seconds.
  path: Assets/Scenes/Sprites.Personagens/Madeline/Raw/player/bigfall05.png
  artifactKey: Guid(7a3fed0b7cbb34a4aaff7aff04080d8d) Importer(815301076,1909f56bfc062723c751e8b465ee728b)
Start importing Assets/Scenes/Sprites.Personagens/Madeline/Raw/player/bigfall05.png using Guid(7a3fed0b7cbb34a4aaff7aff04080d8d) Importer(815301076,1909f56bfc062723c751e8b465ee728b) (PreviewImporter) -> (artifact id: 'b2b5dbe7eda8cbae43621832c0d65291') in 0.0385373 seconds
Number of updated asset objects reloaded before import = 0Number of asset objects unloaded after import = 3

========================================================================
Received Import Request.
  Time since last request: 0.302243 seconds.
  path: Assets/Scenes/Sprites.Personagens/Madeline/Raw/player/bigfall08.png
  artifactKey: Guid(782a8639443e6724f9d9d2814b32f960) Importer(815301076,1909f56bfc062723c751e8b465ee728b)
Start importing Assets/Scenes/Sprites.Personagens/Madeline/Raw/player/bigfall08.png using Guid(782a8639443e6724f9d9d2814b32f960) Importer(815301076,1909f56bfc062723c751e8b465ee728b) (PreviewImporter) -> (artifact id: '8e6980e16f8cec060ae790c9fffa073e') in 0.0481667 seconds
Number of updated asset objects reloaded before import = 0Number of asset objects unloaded after import = 3

========================================================================
Received Import Request.
  Time since last request: 1.938016 seconds.
  path: Assets/Scenes/Sprites.Personagens/Madeline/Raw/player/dangling02.png
  artifactKey: Guid(9bbb06cdd3904ac47aa5b30484d9f554) Importer(815301076,1909f56bfc062723c751e8b465ee728b)
Start importing Assets/Scenes/Sprites.Personagens/Madeline/Raw/player/dangling02.png using Guid(9bbb06cdd3904ac47aa5b30484d9f554) Importer(815301076,1909f56bfc062723c751e8b465ee728b) (PreviewImporter) -> (artifact id: '8a171ee08d4c7fdb50dd457170d655e3') in 0.0359895 seconds
Number of updated asset objects reloaded before import = 0Number of asset objects unloaded after import = 3

========================================================================
Received Import Request.
  Time since last request: 0.412179 seconds.
  path: Assets/Scenes/Sprites.Personagens/Madeline/Raw/player/dangling05.png
  artifactKey: Guid(036c0bcf10cdb0341bb86af70fcaa0d9) Importer(815301076,1909f56bfc062723c751e8b465ee728b)
Start importing Assets/Scenes/Sprites.Personagens/Madeline/Raw/player/dangling05.png using Guid(036c0bcf10cdb0341bb86af70fcaa0d9) Importer(815301076,1909f56bfc062723c751e8b465ee728b) (PreviewImporter) -> (artifact id: 'dbe874fba6b2a4e2a73aabd2faaa3f19') in 0.0376856 seconds
Number of updated asset objects reloaded before import = 0Number of asset objects unloaded after import = 3

========================================================================
Received Import Request.
  Time since last request: 2.254967 seconds.
  path: Assets/Scenes/Sprites.Personagens/Madeline/Raw/player/death_h02.png
  artifactKey: Guid(687b8623aee70a240817b88468ecaf22) Importer(815301076,1909f56bfc062723c751e8b465ee728b)
Start importing Assets/Scenes/Sprites.Personagens/Madeline/Raw/player/death_h02.png using Guid(687b8623aee70a240817b88468ecaf22) Importer(815301076,1909f56bfc062723c751e8b465ee728b) (PreviewImporter) -> (artifact id: 'ff57ce1b596d23f0beac106e586939a2') in 0.0390724 seconds
Number of updated asset objects reloaded before import = 0Number of asset objects unloaded after import = 3

========================================================================
Received Import Request.
  Time since last request: 0.374570 seconds.
  path: Assets/Scenes/Sprites.Personagens/Madeline/Raw/player/death_h01.png
  artifactKey: Guid(fe24d21d23a3da6419872cef0a5faa8a) Importer(815301076,1909f56bfc062723c751e8b465ee728b)
Start importing Assets/Scenes/Sprites.Personagens/Madeline/Raw/player/death_h01.png using Guid(fe24d21d23a3da6419872cef0a5faa8a) Importer(815301076,1909f56bfc062723c751e8b465ee728b) (PreviewImporter) -> (artifact id: '227f7af995dbb6cd0088d1ec0d68f559') in 0.0383276 seconds
Number of updated asset objects reloaded before import = 0Number of asset objects unloaded after import = 3

========================================================================
Received Import Request.
  Time since last request: 0.274261 seconds.
  path: Assets/Scenes/Sprites.Personagens/Madeline/Raw/player/deadside01.png
  artifactKey: Guid(67fe1f3fc73da4d40b879920d7af486a) Importer(815301076,1909f56bfc062723c751e8b465ee728b)
Start importing Assets/Scenes/Sprites.Personagens/Madeline/Raw/player/deadside01.png using Guid(67fe1f3fc73da4d40b879920d7af486a) Importer(815301076,1909f56bfc062723c751e8b465ee728b) (PreviewImporter) -> (artifact id: 'b40b59b7f2428baaacd91c8d006267ce') in 0.0184158 seconds
Number of updated asset objects reloaded before import = 0Number of asset objects unloaded after import = 3

========================================================================
Received Import Request.
  Time since last request: 0.311019 seconds.
  path: Assets/Scenes/Sprites.Personagens/Madeline/Raw/player/deaddown00.png
  artifactKey: Guid(43747e62d24acf54090465b3c3836012) Importer(815301076,1909f56bfc062723c751e8b465ee728b)
Start importing Assets/Scenes/Sprites.Personagens/Madeline/Raw/player/deaddown00.png using Guid(43747e62d24acf54090465b3c3836012) Importer(815301076,1909f56bfc062723c751e8b465ee728b) (PreviewImporter) -> (artifact id: 'ff50a0e10b81fffe8213249883e9b5b6') in 0.0386626 seconds
Number of updated asset objects reloaded before import = 0Number of asset objects unloaded after import = 3

========================================================================
Received Import Request.
  Time since last request: 73.052872 seconds.
  path: Assets/Scenes/Sprites.Personagens/Madeline/Raw/player/bigfall00.png
  artifactKey: Guid(095c4f2357861264db23300a38c70a54) Importer(815301076,1909f56bfc062723c751e8b465ee728b)
Start importing Assets/Scenes/Sprites.Personagens/Madeline/Raw/player/bigfall00.png using Guid(095c4f2357861264db23300a38c70a54) Importer(815301076,1909f56bfc062723c751e8b465ee728b) (PreviewImporter) -> (artifact id: 'a7a1f792e5c57ebada666653084f5e43') in 0.047249 seconds
Number of updated asset objects reloaded before import = 0Number of asset objects unloaded after import = 3

========================================================================
Received Import Request.
  Time since last request: 0.369449 seconds.
  path: Assets/Scenes/Sprites.Personagens/Madeline/Raw/player/bigfall02.png
  artifactKey: Guid(bfb5a05180f4a0c41914660c97df8a2d) Importer(815301076,1909f56bfc062723c751e8b465ee728b)
Start importing Assets/Scenes/Sprites.Personagens/Madeline/Raw/player/bigfall02.png using Guid(bfb5a05180f4a0c41914660c97df8a2d) Importer(815301076,1909f56bfc062723c751e8b465ee728b) (PreviewImporter) -> (artifact id: '2712de04230ea22d623a7e2ffcb0516e') in 0.0332954 seconds
Number of updated asset objects reloaded before import = 0Number of asset objects unloaded after import = 3

========================================================================
Received Import Request.
  Time since last request: 7.794441 seconds.
  path: Assets/Scenes/Sprites.Personagens/Madeline/Animations/player/dash/dash.gif
  artifactKey: Guid(37d8040987c874849a0894538b8c279b) Importer(815301076,1909f56bfc062723c751e8b465ee728b)
Start importing Assets/Scenes/Sprites.Personagens/Madeline/Animations/player/dash/dash.gif using Guid(37d8040987c874849a0894538b8c279b) Importer(815301076,1909f56bfc062723c751e8b465ee728b) (PreviewImporter) -> (artifact id: '03684b2da606669c21cf74ba371be0b1') in 0.0372568 seconds
Number of updated asset objects reloaded before import = 0Number of asset objects unloaded after import = 3

========================================================================
Received Import Request.
  Time since last request: 0.988578 seconds.
  path: Assets/Scenes/Sprites.Personagens/Madeline/Animations/player/dash/f0.png
  artifactKey: Guid(bfbd2e2c891ac26469de297590b3aced) Importer(815301076,1909f56bfc062723c751e8b465ee728b)
Start importing Assets/Scenes/Sprites.Personagens/Madeline/Animations/player/dash/f0.png using Guid(bfbd2e2c891ac26469de297590b3aced) Importer(815301076,1909f56bfc062723c751e8b465ee728b) (PreviewImporter) -> (artifact id: '69cde3e844aedfe1a7a180a7a39fb11f') in 0.0359445 seconds
Number of updated asset objects reloaded before import = 0Number of asset objects unloaded after import = 3

========================================================================
Received Import Request.
  Time since last request: 0.421882 seconds.
  path: Assets/Scenes/Sprites.Personagens/Madeline/Animations/player/dash/f1.png
  artifactKey: Guid(91db98eb74b72764f9319dc1e2ddb5f7) Importer(815301076,1909f56bfc062723c751e8b465ee728b)
Start importing Assets/Scenes/Sprites.Personagens/Madeline/Animations/player/dash/f1.png using Guid(91db98eb74b72764f9319dc1e2ddb5f7) Importer(815301076,1909f56bfc062723c751e8b465ee728b) (PreviewImporter) -> (artifact id: 'a5f21bbdf5284374c99a74139d99d46c') in 0.0370593 seconds
Number of updated asset objects reloaded before import = 0Number of asset objects unloaded after import = 3

========================================================================
Received Import Request.
  Time since last request: 1.389974 seconds.
  path: Assets/Scenes/Sprites.Personagens/Madeline/Animations/player/dash/f3.png
  artifactKey: Guid(250b9156e8e6bcd4191ba309b3d19145) Importer(815301076,1909f56bfc062723c751e8b465ee728b)
Start importing Assets/Scenes/Sprites.Personagens/Madeline/Animations/player/dash/f3.png using Guid(250b9156e8e6bcd4191ba309b3d19145) Importer(815301076,1909f56bfc062723c751e8b465ee728b) (PreviewImporter) -> (artifact id: 'e6289308341bb09589f20d9117460c76') in 0.0365892 seconds
Number of updated asset objects reloaded before import = 0Number of asset objects unloaded after import = 3

========================================================================
Received Import Request.
  Time since last request: 4.264078 seconds.
  path: Assets/Scenes/Sprites.Personagens/Madeline/Animations/player/deaddown/f1.png
  artifactKey: Guid(6077722957540cc44aaee87c22b14861) Importer(815301076,1909f56bfc062723c751e8b465ee728b)
Start importing Assets/Scenes/Sprites.Personagens/Madeline/Animations/player/deaddown/f1.png using Guid(6077722957540cc44aaee87c22b14861) Importer(815301076,1909f56bfc062723c751e8b465ee728b) (PreviewImporter) -> (artifact id: 'e575085154eed46638e04dc36c26c79c') in 0.0483345 seconds
Number of updated asset objects reloaded before import = 0Number of asset objects unloaded after import = 3

========================================================================
Received Import Request.
  Time since last request: 0.241006 seconds.
  path: Assets/Scenes/Sprites.Personagens/Madeline/Animations/player/deaddown/f5.png
  artifactKey: Guid(7fb9b2cb680ac6e48acb10331c94a5cf) Importer(815301076,1909f56bfc062723c751e8b465ee728b)
Start importing Assets/Scenes/Sprites.Personagens/Madeline/Animations/player/deaddown/f5.png using Guid(7fb9b2cb680ac6e48acb10331c94a5cf) Importer(815301076,1909f56bfc062723c751e8b465ee728b) (PreviewImporter) -> (artifact id: '2c641a611e360e2652530c4a9952c417') in 0.043743 seconds
Number of updated asset objects reloaded before import = 0Number of asset objects unloaded after import = 3

========================================================================
Received Import Request.
  Time since last request: 0.276692 seconds.
  path: Assets/Scenes/Sprites.Personagens/Madeline/Animations/player/deaddown/f8.png
  artifactKey: Guid(f5c5d5c39f0bc4f4d9400c8e5b07c773) Importer(815301076,1909f56bfc062723c751e8b465ee728b)
Start importing Assets/Scenes/Sprites.Personagens/Madeline/Animations/player/deaddown/f8.png using Guid(f5c5d5c39f0bc4f4d9400c8e5b07c773) Importer(815301076,1909f56bfc062723c751e8b465ee728b) (PreviewImporter) -> (artifact id: '9515d36f63f086b09183c3155558b321') in 0.0430222 seconds
Number of updated asset objects reloaded before import = 0Number of asset objects unloaded after import = 3

========================================================================
Received Import Request.
  Time since last request: 1.542903 seconds.
  path: Assets/Scenes/Sprites.Personagens/Madeline/Animations/player/deaddown
  artifactKey: Guid(db9f6bff2e56333479641cb1313d7bdb) Importer(815301076,1909f56bfc062723c751e8b465ee728b)
Start importing Assets/Scenes/Sprites.Personagens/Madeline/Animations/player/deaddown using Guid(db9f6bff2e56333479641cb1313d7bdb) Importer(815301076,1909f56bfc062723c751e8b465ee728b) (PreviewImporter) -> (artifact id: '0dc647b39030667c0e64ad8bec17eac1') in 0.0007621 seconds
Number of updated asset objects reloaded before import = 0Number of asset objects unloaded after import = 0

========================================================================
Received Import Request.
  Time since last request: 0.947863 seconds.
  path: Assets/Scenes/Sprites.Personagens/Madeline/Animations/player/dash
  artifactKey: Guid(750dc1d898e98254fb57f1413f38a1f2) Importer(815301076,1909f56bfc062723c751e8b465ee728b)
Start importing Assets/Scenes/Sprites.Personagens/Madeline/Animations/player/dash using Guid(750dc1d898e98254fb57f1413f38a1f2) Importer(815301076,1909f56bfc062723c751e8b465ee728b) (PreviewImporter) -> (artifact id: '0db62c2af0e56b598884e830bdfa698c') in 0.0013344 seconds
Number of updated asset objects reloaded before import = 0Number of asset objects unloaded after import = 0

========================================================================
Received Import Request.
  Time since last request: 1233.850345 seconds.
  path: Assets/Scenes
  artifactKey: Guid(a909f06cc595d8a46861ad400b883c75) Importer(815301076,1909f56bfc062723c751e8b465ee728b)
Start importing Assets/Scenes using Guid(a909f06cc595d8a46861ad400b883c75) Importer(815301076,1909f56bfc062723c751e8b465ee728b) (PreviewImporter) -> (artifact id: '073fc7d327db873708dd539c7dc8c110') in 0.0006832 seconds
Number of updated asset objects reloaded before import = 0Number of asset objects unloaded after import = 0

========================================================================
Received Import Request.
  Time since last request: 12.436978 seconds.
  path: Assets/Scenes/Sprites.Personagens/ForeGround
  artifactKey: Guid(9b76287400bd90e488e184e3db957e54) Importer(815301076,1909f56bfc062723c751e8b465ee728b)
Start importing Assets/Scenes/Sprites.Personagens/ForeGround using Guid(9b76287400bd90e488e184e3db957e54) Importer(815301076,1909f56bfc062723c751e8b465ee728b) (PreviewImporter) -> (artifact id: '225667ced065cee402fc570e426df809') in 0.0004877 seconds
Number of updated asset objects reloaded before import = 0Number of asset objects unloaded after import = 0

========================================================================
Received Import Request.
  Time since last request: 23.792020 seconds.
  path: Assets/Scenes/Sprites.Personagens/ForeGround/Foreground Tilesets.png
  artifactKey: Guid(cda6123f7ccb7c84ea321c1ab6bbf23a) Importer(815301076,1909f56bfc062723c751e8b465ee728b)
Start importing Assets/Scenes/Sprites.Personagens/ForeGround/Foreground Tilesets.png using Guid(cda6123f7ccb7c84ea321c1ab6bbf23a) Importer(815301076,1909f56bfc062723c751e8b465ee728b) (PreviewImporter) -> (artifact id: '59033d499b41bd2b236d464463a40ffa') in 0.2357323 seconds
Number of updated asset objects reloaded before import = 0Number of asset objects unloaded after import = 130

========================================================================
Received Import Request.
  Time since last request: 86.465452 seconds.
  path: Assets/Scenes/Sprites.Personagens/ForeGround/Foreground Tilesets.png
  artifactKey: Guid(cda6123f7ccb7c84ea321c1ab6bbf23a) Importer(815301076,1909f56bfc062723c751e8b465ee728b)
Start importing Assets/Scenes/Sprites.Personagens/ForeGround/Foreground Tilesets.png using Guid(cda6123f7ccb7c84ea321c1ab6bbf23a) Importer(815301076,1909f56bfc062723c751e8b465ee728b) (PreviewImporter) -> (artifact id: '7568397702681d870211d9d609c2f3d3') in 0.1404571 seconds
Number of updated asset objects reloaded before import = 0Number of asset objects unloaded after import = 56

========================================================================
Received Prepare
Begin MonoManager ReloadAssembly
- Loaded All Assemblies, in  0.954 seconds
Refreshing native plugins compatible for Editor in 1.36 ms, found 4 plugins.
Native extension for WindowsStandalone target not found
Native extension for WebGL target not found
Mono: successfully reloaded assembly
- Finished resetting the current domain, in  0.917 seconds
Domain Reload Profiling: 1871ms
	BeginReloadAssembly (275ms)
		ExecutionOrderSort (0ms)
		DisableScriptedObjects (18ms)
		BackupInstance (0ms)
		ReleaseScriptingObjects (0ms)
		CreateAndSetChildDomain (83ms)
	RebuildCommonClasses (39ms)
	RebuildNativeTypeToScriptingClass (11ms)
	initialDomainReloadingComplete (28ms)
	LoadAllAssembliesAndSetupDomain (602ms)
		LoadAssemblies (529ms)
		RebuildTransferFunctionScriptingTraits (0ms)
		AnalyzeDomain (201ms)
			TypeCache.Refresh (6ms)
				TypeCache.ScanAssembly (0ms)
			BuildScriptInfoCaches (176ms)
			ResolveRequiredComponents (14ms)
	FinalizeReload (917ms)
		ReleaseScriptCaches (0ms)
		RebuildScriptCaches (0ms)
		SetupLoadedEditorAssemblies (711ms)
			LogAssemblyErrors (0ms)
			InitializePlatformSupportModulesInManaged (3ms)
			SetLoadedEditorAssemblies (7ms)
			BeforeProcessingInitializeOnLoad (180ms)
			ProcessInitializeOnLoadAttributes (443ms)
			ProcessInitializeOnLoadMethodAttributes (69ms)
			AfterProcessingInitializeOnLoad (8ms)
			EditorAssembliesLoaded (1ms)
		ExecutionOrderSort2 (0ms)
		AwakeInstancesAfterBackupRestoration (16ms)
Refreshing native plugins compatible for Editor in 2.27 ms, found 4 plugins.
Preloading 0 native plugins for Editor in 0.00 ms.
Unloading 13 Unused Serialized files (Serialized files now loaded: 0)
Unloading 6655 unused Assets / (4.2 MB). Loaded Objects now: 7525.
Memory consumption went from 149.4 MB to 145.2 MB.
Total: 11.080400 ms (FindLiveObjects: 0.757200 ms CreateObjectMapping: 1.040700 ms MarkObjects: 6.253600 ms  DeleteObjects: 3.027400 ms)

Prepare: number of updated asset objects reloaded= 0
========================================================================
Received Prepare
Begin MonoManager ReloadAssembly
- Loaded All Assemblies, in  0.763 seconds
Refreshing native plugins compatible for Editor in 1.46 ms, found 4 plugins.
Native extension for WindowsStandalone target not found
Native extension for WebGL target not found
Mono: successfully reloaded assembly
- Finished resetting the current domain, in  0.860 seconds
Domain Reload Profiling: 1623ms
	BeginReloadAssembly (229ms)
		ExecutionOrderSort (0ms)
		DisableScriptedObjects (20ms)
		BackupInstance (0ms)
		ReleaseScriptingObjects (0ms)
		CreateAndSetChildDomain (67ms)
	RebuildCommonClasses (32ms)
	RebuildNativeTypeToScriptingClass (10ms)
	initialDomainReloadingComplete (25ms)
	LoadAllAssembliesAndSetupDomain (466ms)
		LoadAssemblies (376ms)
		RebuildTransferFunctionScriptingTraits (0ms)
		AnalyzeDomain (190ms)
			TypeCache.Refresh (8ms)
				TypeCache.ScanAssembly (0ms)
			BuildScriptInfoCaches (170ms)
			ResolveRequiredComponents (10ms)
	FinalizeReload (860ms)
		ReleaseScriptCaches (0ms)
		RebuildScriptCaches (0ms)
		SetupLoadedEditorAssemblies (673ms)
			LogAssemblyErrors (0ms)
			InitializePlatformSupportModulesInManaged (3ms)
			SetLoadedEditorAssemblies (8ms)
			BeforeProcessingInitializeOnLoad (180ms)
			ProcessInitializeOnLoadAttributes (414ms)
			ProcessInitializeOnLoadMethodAttributes (63ms)
			AfterProcessingInitializeOnLoad (5ms)
			EditorAssembliesLoaded (0ms)
		ExecutionOrderSort2 (0ms)
		AwakeInstancesAfterBackupRestoration (14ms)
Refreshing native plugins compatible for Editor in 1.76 ms, found 4 plugins.
Preloading 0 native plugins for Editor in 0.00 ms.
Unloading 13 Unused Serialized files (Serialized files now loaded: 0)
Unloading 6655 unused Assets / (4.5 MB). Loaded Objects now: 7527.
Memory consumption went from 149.4 MB to 144.9 MB.
Total: 11.375000 ms (FindLiveObjects: 0.757000 ms CreateObjectMapping: 0.949800 ms MarkObjects: 6.753400 ms  DeleteObjects: 2.913500 ms)

Prepare: number of updated asset objects reloaded= 0
========================================================================
Received Import Request.
  Time since last request: 6521.018476 seconds.
  path: Assets/Scenes/Moviment
  artifactKey: Guid(3b8aac4e29aabf847b4125a4366c1115) Importer(815301076,1909f56bfc062723c751e8b465ee728b)
Start importing Assets/Scenes/Moviment using Guid(3b8aac4e29aabf847b4125a4366c1115) Importer(815301076,1909f56bfc062723c751e8b465ee728b) (PreviewImporter) -> (artifact id: 'df5cc5ab25b6387368648abd2bcb9ca1') in 0.0018528 seconds
Number of updated asset objects reloaded before import = 0Number of asset objects unloaded after import = 0

========================================================================
Received Prepare
Refreshing native plugins compatible for Editor in 1.50 ms, found 4 plugins.
Preloading 0 native plugins for Editor in 0.00 ms.
Unloading 13 Unused Serialized files (Serialized files now loaded: 0)
Unloading 6645 unused Assets / (3.9 MB). Loaded Objects now: 7528.
Memory consumption went from 149.5 MB to 145.6 MB.
Total: 9.262900 ms (FindLiveObjects: 0.695200 ms CreateObjectMapping: 0.890600 ms MarkObjects: 5.420900 ms  DeleteObjects: 2.254600 ms)

Prepare: number of updated asset objects reloaded= 0
========================================================================
Received Import Request.
  Time since last request: 76.910243 seconds.
  path: Assets/Scenes/Moviment/Movement.cs
  artifactKey: Guid(93dd7c8466076a648b4b8f58ba93b2ca) Importer(815301076,1909f56bfc062723c751e8b465ee728b)
Start importing Assets/Scenes/Moviment/Movement.cs using Guid(93dd7c8466076a648b4b8f58ba93b2ca) Importer(815301076,1909f56bfc062723c751e8b465ee728b) (PreviewImporter) -> (artifact id: 'a92c4228a8f86cb52a824b74c92a31be') in 0.0007024 seconds
Number of updated asset objects reloaded before import = 0Number of asset objects unloaded after import = 0

========================================================================
Received Prepare
Begin MonoManager ReloadAssembly
- Loaded All Assemblies, in  2.086 seconds
Refreshing native plugins compatible for Editor in 2.11 ms, found 4 plugins.
Native extension for WindowsStandalone target not found
Native extension for WebGL target not found
Mono: successfully reloaded assembly
- Finished resetting the current domain, in  1.409 seconds
Domain Reload Profiling: 3497ms
	BeginReloadAssembly (450ms)
		ExecutionOrderSort (0ms)
		DisableScriptedObjects (35ms)
		BackupInstance (0ms)
		ReleaseScriptingObjects (0ms)
		CreateAndSetChildDomain (142ms)
	RebuildCommonClasses (60ms)
	RebuildNativeTypeToScriptingClass (18ms)
	initialDomainReloadingComplete (61ms)
	LoadAllAssembliesAndSetupDomain (1497ms)
		LoadAssemblies (1343ms)
		RebuildTransferFunctionScriptingTraits (0ms)
		AnalyzeDomain (350ms)
			TypeCache.Refresh (26ms)
				TypeCache.ScanAssembly (0ms)
			BuildScriptInfoCaches (299ms)
			ResolveRequiredComponents (17ms)
	FinalizeReload (1410ms)
		ReleaseScriptCaches (0ms)
		RebuildScriptCaches (0ms)
		SetupLoadedEditorAssemblies (1057ms)
			LogAssemblyErrors (0ms)
			InitializePlatformSupportModulesInManaged (7ms)
			SetLoadedEditorAssemblies (7ms)
			BeforeProcessingInitializeOnLoad (269ms)
			ProcessInitializeOnLoadAttributes (639ms)
			ProcessInitializeOnLoadMethodAttributes (126ms)
			AfterProcessingInitializeOnLoad (9ms)
			EditorAssembliesLoaded (1ms)
		ExecutionOrderSort2 (0ms)
		AwakeInstancesAfterBackupRestoration (28ms)
Refreshing native plugins compatible for Editor in 2.23 ms, found 4 plugins.
Preloading 0 native plugins for Editor in 0.00 ms.
Unloading 13 Unused Serialized files (Serialized files now loaded: 0)
Unloading 6656 unused Assets / (4.3 MB). Loaded Objects now: 7530.
Memory consumption went from 149.4 MB to 145.1 MB.
Total: 17.405200 ms (FindLiveObjects: 1.324800 ms CreateObjectMapping: 2.516900 ms MarkObjects: 8.582100 ms  DeleteObjects: 4.979000 ms)

Prepare: number of updated asset objects reloaded= 0
========================================================================
Received Import Request.
  Time since last request: 26.643828 seconds.
  path: Assets/Scenes/Moviment/Movement.cs
  artifactKey: Guid(93dd7c8466076a648b4b8f58ba93b2ca) Importer(815301076,1909f56bfc062723c751e8b465ee728b)
Start importing Assets/Scenes/Moviment/Movement.cs using Guid(93dd7c8466076a648b4b8f58ba93b2ca) Importer(815301076,1909f56bfc062723c751e8b465ee728b) (PreviewImporter) -> (artifact id: '0e15793c7e142e80fdd3af4c722d5f15') in 0.0046392 seconds
Number of updated asset objects reloaded before import = 0Number of asset objects unloaded after import = 0

========================================================================
Received Import Request.
  Time since last request: 31.548653 seconds.
  path: Assets/InputSystem_Actions.inputactions
  artifactKey: Guid(2bcd2660ca9b64942af0de543d8d7100) Importer(815301076,1909f56bfc062723c751e8b465ee728b)
Start importing Assets/InputSystem_Actions.inputactions using Guid(2bcd2660ca9b64942af0de543d8d7100) Importer(815301076,1909f56bfc062723c751e8b465ee728b) (PreviewImporter) -> (artifact id: '1526cf67c1d1aaa9a72597cdbc7bb0b0') in 0.0246641 seconds
Number of updated asset objects reloaded before import = 0Number of asset objects unloaded after import = 19

========================================================================
Received Import Request.
  Time since last request: 51.384490 seconds.
  path: Assets/UniversalRenderPipelineGlobalSettings.asset
  artifactKey: Guid(93b439a37f63240aca3dd4e01d978a9f) Importer(815301076,1909f56bfc062723c751e8b465ee728b)
Start importing Assets/UniversalRenderPipelineGlobalSettings.asset using Guid(93b439a37f63240aca3dd4e01d978a9f) Importer(815301076,1909f56bfc062723c751e8b465ee728b) (PreviewImporter) -> (artifact id: 'ccf2184859053ad42bf2cc0338a8c791') in 0.0012579 seconds
Number of updated asset objects reloaded before import = 1Number of asset objects unloaded after import = 0

========================================================================
Received Import Request.
  Time since last request: 1.920993 seconds.
  path: Assets/Settings
  artifactKey: Guid(0220aab0833d04faeb927d84ca6cc40c) Importer(815301076,1909f56bfc062723c751e8b465ee728b)
Start importing Assets/Settings using Guid(0220aab0833d04faeb927d84ca6cc40c) Importer(815301076,1909f56bfc062723c751e8b465ee728b) (PreviewImporter) -> (artifact id: '62508b3dd32630cf358da27d8a59d33e') in 0.0006001 seconds
Number of updated asset objects reloaded before import = 0Number of asset objects unloaded after import = 0

========================================================================
Received Import Request.
  Time since last request: 35.581215 seconds.
  path: Assets/Settings/Madeline.inputactions
  artifactKey: Guid(c48d9c99131b21448b2790fcef5024bb) Importer(815301076,1909f56bfc062723c751e8b465ee728b)
Start importing Assets/Settings/Madeline.inputactions using Guid(c48d9c99131b21448b2790fcef5024bb) Importer(815301076,1909f56bfc062723c751e8b465ee728b) (PreviewImporter) -> (artifact id: 'bf602d06562377ff9ca6c64225b2b6af') in 0.0014284 seconds
Number of updated asset objects reloaded before import = 0Number of asset objects unloaded after import = 1

========================================================================
Received Import Request.
  Time since last request: 685.191173 seconds.
  path: Assets/Settings/Madeline.inputactions
  artifactKey: Guid(c48d9c99131b21448b2790fcef5024bb) Importer(815301076,1909f56bfc062723c751e8b465ee728b)
Start importing Assets/Settings/Madeline.inputactions using Guid(c48d9c99131b21448b2790fcef5024bb) Importer(815301076,1909f56bfc062723c751e8b465ee728b) (PreviewImporter) -> (artifact id: '1efe3116e31562afb971f13da3099636') in 0.0026597 seconds
Number of updated asset objects reloaded before import = 0Number of asset objects unloaded after import = 3

========================================================================
Received Import Request.
  Time since last request: 95.322235 seconds.
  path: Packages/com.unity.2d.sprite/Editor/ObjectMenuCreation/DefaultAssets/Textures/SquareWithBorder.png
  artifactKey: Guid(db750325989564987a34393247d883b4) Importer(815301076,1909f56bfc062723c751e8b465ee728b)
Start importing Packages/com.unity.2d.sprite/Editor/ObjectMenuCreation/DefaultAssets/Textures/SquareWithBorder.png using Guid(db750325989564987a34393247d883b4) Importer(815301076,1909f56bfc062723c751e8b465ee728b) (PreviewImporter) -> (artifact id: 'f50babb9a3ebcf92943ca5d96b1d7070') in 0.0747005 seconds
Number of updated asset objects reloaded before import = 0Number of asset objects unloaded after import = 3

========================================================================
Received Import Request.
  Time since last request: 0.000021 seconds.
  path: Packages/com.unity.2d.spriteshape/Editor/Handles/ss_playhead.png
  artifactKey: Guid(9ea72647c24be493ba6f15a9cd2a24ae) Importer(815301076,1909f56bfc062723c751e8b465ee728b)
Start importing Packages/com.unity.2d.spriteshape/Editor/Handles/ss_playhead.png using Guid(9ea72647c24be493ba6f15a9cd2a24ae) Importer(815301076,1909f56bfc062723c751e8b465ee728b) (PreviewImporter) -> (artifact id: '56e14c72f0d37f7e00eae948091089c5') in 0.0194444 seconds
Number of updated asset objects reloaded before import = 0Number of asset objects unloaded after import = 3

========================================================================
Received Import Request.
  Time since last request: 0.000025 seconds.
  path: Assets/Scenes/Sprites.Personagens/Madeline/Raw/player/starFly00.png
  artifactKey: Guid(3fd5004feb6b8344f9f9d3ac6df53a1f) Importer(815301076,1909f56bfc062723c751e8b465ee728b)
Start importing Assets/Scenes/Sprites.Personagens/Madeline/Raw/player/starFly00.png using Guid(3fd5004feb6b8344f9f9d3ac6df53a1f) Importer(815301076,1909f56bfc062723c751e8b465ee728b) (PreviewImporter) -> (artifact id: 'd7a2bcc865f2f749b7bc23a196e34f1e') in 0.0219848 seconds
Number of updated asset objects reloaded before import = 0Number of asset objects unloaded after import = 3

========================================================================
Received Import Request.
  Time since last request: 0.000029 seconds.
  path: Assets/Scenes/Sprites.Personagens/Madeline/Raw/player/starMorph00.png
  artifactKey: Guid(812105f10f6499f458071f4202c60910) Importer(815301076,1909f56bfc062723c751e8b465ee728b)
Start importing Assets/Scenes/Sprites.Personagens/Madeline/Raw/player/starMorph00.png using Guid(812105f10f6499f458071f4202c60910) Importer(815301076,1909f56bfc062723c751e8b465ee728b) (PreviewImporter) -> (artifact id: 'b7ff116a5a2949dc43f1e3e69944a475') in 0.0214626 seconds
Number of updated asset objects reloaded before import = 0Number of asset objects unloaded after import = 3

========================================================================
Received Import Request.
  Time since last request: 0.000020 seconds.
  path: Packages/com.unity.2d.spriteshape/Editor/Handles/ss_leftrange.png
  artifactKey: Guid(9417efc47083f4a1598c1966a6345cdb) Importer(815301076,1909f56bfc062723c751e8b465ee728b)
Start importing Packages/com.unity.2d.spriteshape/Editor/Handles/ss_leftrange.png using Guid(9417efc47083f4a1598c1966a6345cdb) Importer(815301076,1909f56bfc062723c751e8b465ee728b) (PreviewImporter) -> (artifact id: 'c84b81e51442c5c8677f195adccdd3a1') in 0.0232927 seconds
Number of updated asset objects reloaded before import = 0Number of asset objects unloaded after import = 3

========================================================================
Received Import Request.
  Time since last request: 1.338992 seconds.
  path: Assets/Scenes/Sprites.Personagens/Madeline/Raw/player/starMorph01.png
  artifactKey: Guid(a211ab3242a67ed48b65b2de1562dec1) Importer(815301076,1909f56bfc062723c751e8b465ee728b)
Start importing Assets/Scenes/Sprites.Personagens/Madeline/Raw/player/starMorph01.png using Guid(a211ab3242a67ed48b65b2de1562dec1) Importer(815301076,1909f56bfc062723c751e8b465ee728b) (PreviewImporter) -> (artifact id: '44d6e4000af6fc13cb6e917b09ebc2c6') in 0.0304694 seconds
Number of updated asset objects reloaded before import = 0Number of asset objects unloaded after import = 4

========================================================================
Received Import Request.
  Time since last request: 0.216593 seconds.
  path: Assets/Scenes/Sprites.Personagens/Madeline/Raw/player/starMorph02.png
  artifactKey: Guid(d46a34bca61c23945b487e289cf1298f) Importer(815301076,1909f56bfc062723c751e8b465ee728b)
Start importing Assets/Scenes/Sprites.Personagens/Madeline/Raw/player/starMorph02.png using Guid(d46a34bca61c23945b487e289cf1298f) Importer(815301076,1909f56bfc062723c751e8b465ee728b) (PreviewImporter) -> (artifact id: '29b17fe867958abdf37130a97656986d') in 0.0263298 seconds
Number of updated asset objects reloaded before import = 0Number of asset objects unloaded after import = 3

========================================================================
Received Import Request.
  Time since last request: 0.285481 seconds.
  path: Assets/Scenes/Sprites.Personagens/Madeline/Raw/player/starMorph04.png
  artifactKey: Guid(4e09f690c4229ad458839136d4cb8689) Importer(815301076,1909f56bfc062723c751e8b465ee728b)
Start importing Assets/Scenes/Sprites.Personagens/Madeline/Raw/player/starMorph04.png using Guid(4e09f690c4229ad458839136d4cb8689) Importer(815301076,1909f56bfc062723c751e8b465ee728b) (PreviewImporter) -> (artifact id: '9fc93a57043f6c76584acd8ebacc4780') in 0.0236304 seconds
Number of updated asset objects reloaded before import = 0Number of asset objects unloaded after import = 3

========================================================================
Received Import Request.
  Time since last request: 0.109235 seconds.
  path: Assets/Scenes/Sprites.Personagens/Madeline/Raw/player/starMorph06.png
  artifactKey: Guid(781e286ae4c2ca443b0df7d09c2e3335) Importer(815301076,1909f56bfc062723c751e8b465ee728b)
Start importing Assets/Scenes/Sprites.Personagens/Madeline/Raw/player/starMorph06.png using Guid(781e286ae4c2ca443b0df7d09c2e3335) Importer(815301076,1909f56bfc062723c751e8b465ee728b) (PreviewImporter) -> (artifact id: '86a2f5c6aa8156822dfc9c2436b1bf34') in 0.0263254 seconds
Number of updated asset objects reloaded before import = 0Number of asset objects unloaded after import = 3

========================================================================
Received Import Request.
  Time since last request: 0.691816 seconds.
  path: Assets/Scenes/Sprites.Personagens/Madeline/Raw/player/starMorph08.png
  artifactKey: Guid(5998b51f0597e0c46beb2abaddb7b449) Importer(815301076,1909f56bfc062723c751e8b465ee728b)
Start importing Assets/Scenes/Sprites.Personagens/Madeline/Raw/player/starMorph08.png using Guid(5998b51f0597e0c46beb2abaddb7b449) Importer(815301076,1909f56bfc062723c751e8b465ee728b) (PreviewImporter) -> (artifact id: '2c018c5abccc5cc6a6c981aa36d13a35') in 0.0247636 seconds
Number of updated asset objects reloaded before import = 0Number of asset objects unloaded after import = 3

========================================================================
Received Import Request.
  Time since last request: 0.000023 seconds.
  path: Assets/Scenes/Sprites.Personagens/Madeline/Raw/player/starMorph10.png
  artifactKey: Guid(da6ff040cdde56e46a10a0dde6ae843a) Importer(815301076,1909f56bfc062723c751e8b465ee728b)
Start importing Assets/Scenes/Sprites.Personagens/Madeline/Raw/player/starMorph10.png using Guid(da6ff040cdde56e46a10a0dde6ae843a) Importer(815301076,1909f56bfc062723c751e8b465ee728b) (PreviewImporter) -> (artifact id: 'e44786893548c7b86f5f11e797e4fc74') in 0.0269762 seconds
Number of updated asset objects reloaded before import = 0Number of asset objects unloaded after import = 3

========================================================================
Received Import Request.
  Time since last request: 0.020875 seconds.
  path: Assets/Scenes/Sprites.Personagens/Madeline/Raw/player/starMorph12.png
  artifactKey: Guid(cfdac8dc466bb8148b6742755ce83746) Importer(815301076,1909f56bfc062723c751e8b465ee728b)
Start importing Assets/Scenes/Sprites.Personagens/Madeline/Raw/player/starMorph12.png using Guid(cfdac8dc466bb8148b6742755ce83746) Importer(815301076,1909f56bfc062723c751e8b465ee728b) (PreviewImporter) -> (artifact id: '1dd3dea0e6e25100cc79f2b096559ec4') in 0.021709 seconds
Number of updated asset objects reloaded before import = 0Number of asset objects unloaded after import = 3

========================================================================
Received Import Request.
  Time since last request: 0.035009 seconds.
  path: Assets/Scenes/Sprites.Personagens/Madeline/Raw/player/starMorph14.png
  artifactKey: Guid(d003c261b5c2c654d996e43d6740df97) Importer(815301076,1909f56bfc062723c751e8b465ee728b)
Start importing Assets/Scenes/Sprites.Personagens/Madeline/Raw/player/starMorph14.png using Guid(d003c261b5c2c654d996e43d6740df97) Importer(815301076,1909f56bfc062723c751e8b465ee728b) (PreviewImporter) -> (artifact id: '7874258971b455017235e53c6b23c6e7') in 0.0187124 seconds
Number of updated asset objects reloaded before import = 0Number of asset objects unloaded after import = 3

========================================================================
Received Import Request.
  Time since last request: 0.365681 seconds.
  path: Assets/Scenes/Sprites.Personagens/Madeline/Raw/player/starMorph16.png
  artifactKey: Guid(ac44bf28edbc2d24b81e19e49dd3d663) Importer(815301076,1909f56bfc062723c751e8b465ee728b)
Start importing Assets/Scenes/Sprites.Personagens/Madeline/Raw/player/starMorph16.png using Guid(ac44bf28edbc2d24b81e19e49dd3d663) Importer(815301076,1909f56bfc062723c751e8b465ee728b) (PreviewImporter) -> (artifact id: 'dee1b2378664fb9a380a557f2dac8ec2') in 0.0241234 seconds
Number of updated asset objects reloaded before import = 0Number of asset objects unloaded after import = 3

========================================================================
Received Import Request.
  Time since last request: 0.041150 seconds.
  path: Assets/Scenes/Sprites.Personagens/Madeline/Animations/player/starMorph/starMorph.gif
  artifactKey: Guid(bb20aedd7b0b6094fa4967846e33130d) Importer(815301076,1909f56bfc062723c751e8b465ee728b)
Start importing Assets/Scenes/Sprites.Personagens/Madeline/Animations/player/starMorph/starMorph.gif using Guid(bb20aedd7b0b6094fa4967846e33130d) Importer(815301076,1909f56bfc062723c751e8b465ee728b) (PreviewImporter) -> (artifact id: '5f71969a48329c25afb1c70b70af3d81') in 0.0194453 seconds
Number of updated asset objects reloaded before import = 0Number of asset objects unloaded after import = 3

========================================================================
Received Import Request.
  Time since last request: 0.056780 seconds.
  path: Assets/Scenes/Sprites.Personagens/Madeline/Raw/player/startStarFly00.png
  artifactKey: Guid(fca13ba142736204089b2c73c7cd291b) Importer(815301076,1909f56bfc062723c751e8b465ee728b)
Start importing Assets/Scenes/Sprites.Personagens/Madeline/Raw/player/startStarFly00.png using Guid(fca13ba142736204089b2c73c7cd291b) Importer(815301076,1909f56bfc062723c751e8b465ee728b) (PreviewImporter) -> (artifact id: 'bc620584ce981dbde50c638b96171fc6') in 0.0212608 seconds
Number of updated asset objects reloaded before import = 0Number of asset objects unloaded after import = 3

========================================================================
Received Import Request.
  Time since last request: 0.755189 seconds.
  path: Assets/Scenes/Sprites.Personagens/Madeline/Raw/player/startStarFly02.png
  artifactKey: Guid(d27bf9e3674396749b76da3f577289f4) Importer(815301076,1909f56bfc062723c751e8b465ee728b)
Start importing Assets/Scenes/Sprites.Personagens/Madeline/Raw/player/startStarFly02.png using Guid(d27bf9e3674396749b76da3f577289f4) Importer(815301076,1909f56bfc062723c751e8b465ee728b) (PreviewImporter) -> (artifact id: 'c875c1a96c08c93aed9deaed1a0d4145') in 0.0214539 seconds
Number of updated asset objects reloaded before import = 0Number of asset objects unloaded after import = 3

========================================================================
Received Import Request.
  Time since last request: 0.082777 seconds.
  path: Assets/Scenes/Sprites.Personagens/Madeline/Animations/player/startStarFly/startStarFly.gif
  artifactKey: Guid(c259fa3505d89234e93c1a124d431fa8) Importer(815301076,1909f56bfc062723c751e8b465ee728b)
Start importing Assets/Scenes/Sprites.Personagens/Madeline/Animations/player/startStarFly/startStarFly.gif using Guid(c259fa3505d89234e93c1a124d431fa8) Importer(815301076,1909f56bfc062723c751e8b465ee728b) (PreviewImporter) -> (artifact id: '7195e981fe13f2dbe748b3113e5c01c9') in 0.0233111 seconds
Number of updated asset objects reloaded before import = 0Number of asset objects unloaded after import = 3

========================================================================
Received Import Request.
  Time since last request: 1.714016 seconds.
  path: Assets/Scenes/Sprites.Personagens/Madeline/Raw/player/startStarFlyWhite02.png
  artifactKey: Guid(9480d2e605fcd9047aa27ef2ce9ecf18) Importer(815301076,1909f56bfc062723c751e8b465ee728b)
Start importing Assets/Scenes/Sprites.Personagens/Madeline/Raw/player/startStarFlyWhite02.png using Guid(9480d2e605fcd9047aa27ef2ce9ecf18) Importer(815301076,1909f56bfc062723c751e8b465ee728b) (PreviewImporter) -> (artifact id: '84576d3d122bcb502a2e63444f43f76e') in 0.02327 seconds
Number of updated asset objects reloaded before import = 0Number of asset objects unloaded after import = 3

========================================================================
Received Import Request.
  Time since last request: 1.072727 seconds.
  path: Assets/Scenes/Sprites.Personagens/Madeline/Raw/player/sweat/still00.png
  artifactKey: Guid(25fc2ae1139e9c2498b148afabada0c1) Importer(815301076,1909f56bfc062723c751e8b465ee728b)
Start importing Assets/Scenes/Sprites.Personagens/Madeline/Raw/player/sweat/still00.png using Guid(25fc2ae1139e9c2498b148afabada0c1) Importer(815301076,1909f56bfc062723c751e8b465ee728b) (PreviewImporter) -> (artifact id: '4881118b67abd7d6413802d91eb15309') in 0.0226783 seconds
Number of updated asset objects reloaded before import = 0Number of asset objects unloaded after import = 3

